******************************************************************************
                  TI ARM Linker PC v18.1.1                     
******************************************************************************
>> Linked Fri Apr  6 14:36:01 2018

OUTPUT FILE NAME:   <FreeRTOS_tiva_demo.out>
ENTRY POINT SYMBOL: "_c_int00_noargs"  address: 000060c5


MEMORY CONFIGURATION

         name            origin    length      used     unused   attr    fill
----------------------  --------  ---------  --------  --------  ----  --------
  FLASH                 00000000   00100000  00006664  000f999c  R  X
  SRAM                  20000000   00040000  0000c964  0003369c  RW X


SEGMENT ALLOCATION MAP

run origin  load origin   length   init length attrs members
----------  ----------- ---------- ----------- ----- -------
00000000    00000000    00006668   00006668    r-x
  00000000    00000000    00000208   00000208    r-- .intvecs
  00000208    00000208    00005f28   00005f28    r-x .text
  00006130    00006130    000004e4   000004e4    r-- .const
  00006618    00006618    00000050   00000050    r-- .cinit
20000000    20000000    0000c964   00000000    rw-
  20000000    20000000    0000026c   00000000    rw- .vtable
  2000026c    2000026c    0000c4a4   00000000    rw- .bss
  2000c710    2000c710    00000200   00000000    rw- .stack
  2000c910    2000c910    00000054   00000000    rw- .data


SECTION ALLOCATION MAP

 output                                  attributes/
section   page    origin      length       input sections
--------  ----  ----------  ----------   ----------------
.intvecs   0    00000000    00000208     
                  00000000    00000208     tm4c1294ncpdt_startup_ccs.obj (.intvecs)

.text      0    00000208    00005f28     
                  00000208    000017b0     tasks.obj (.text)
                  000019b8    000015cc     sysctl.obj (.text)
                  00002f84    0000114c     gpio.obj (.text)
                  000040d0    00000ad0     queue.obj (.text)
                  00004ba0    00000578     timers.obj (.text)
                  00005118    00000490     interrupt.obj (.text)
                  000055a8    00000324     pinout.obj (.text)
                  000058cc    000001b8     heap_2.obj (.text)
                  00005a84    0000012c     port.obj (.text)
                  00005bb0    0000012a     list.obj (.text)
                  00005cda    00000002     --HOLE-- [fill = 0]
                  00005cdc    00000114     main.obj (.text)
                  00005df0    000000d2     portasm.obj (.text)
                  00005ec2    0000009c     rtsv7M4_T_le_v4SPD16_eabi.lib : memcpy_t2.asm.obj (.text)
                  00005f5e    0000007a                                   : memset_t2.asm.obj (.text)
                  00005fd8    00000068                                   : copy_decompress_lzss.c.obj (.text:decompress:lzss:__TI_decompress_lzss)
                  00006040    00000044                                   : autoinit.c.obj (.text:__TI_auto_init_nobinit_nopinit:__TI_auto_init_nobinit_nopinit)
                  00006084    0000003e     cpu.obj (.text)
                  000060c2    00000002     --HOLE-- [fill = 0]
                  000060c4    00000038     rtsv7M4_T_le_v4SPD16_eabi.lib : boot_cortex_m.c.obj (.text:_c_int00_noargs:_c_int00_noargs)
                  000060fc    0000000e                                   : copy_decompress_none.c.obj (.text:decompress:none:__TI_decompress_none)
                  0000610a    0000000c                                   : copy_zero_init.c.obj (.text:decompress:ZI:__TI_zero_init)
                  00006116    0000000c     tm4c1294ncpdt_startup_ccs.obj (.text)
                  00006122    00000006     sysctl.obj (.text:SysCtlDelay)
                  00006128    00000004     rtsv7M4_T_le_v4SPD16_eabi.lib : pre_init.c.obj (.text:_system_pre_init)
                  0000612c    00000004                                   : exit.c.obj (.text:abort:abort)

.const     0    00006130    000004e4     
                  00006130    00000120     sysctl.obj (.const:g_pppui32XTALtoVCO)
                  00006250    000000c0     gpio.obj (.const:g_ppui32GPIOIntMapBlizzard)
                  00006310    000000c0     gpio.obj (.const:g_ppui32GPIOIntMapSnowflake)
                  000063d0    0000009c     interrupt.obj (.const:g_pui32Regs)
                  0000646c    00000090     gpio.obj (.const:g_pui32GPIOBaseAddrs)
                  000064fc    0000006c     sysctl.obj (.const:g_pui32Xtals)
                  00006568    00000030     sysctl.obj (.const:g_sXTALtoMEMTIM)
                  00006598    00000020     interrupt.obj (.const:g_pui32Priority)
                  000065b8    00000014     interrupt.obj (.const:g_pui32Dii16Regs)
                  000065cc    00000014     interrupt.obj (.const:g_pui32EnRegs)
                  000065e0    00000014     interrupt.obj (.const:g_pui32PendRegs)
                  000065f4    00000014     interrupt.obj (.const:g_pui32UnpendRegs)
                  00006608    00000008     sysctl.obj (.const:g_pui32VCOFrequencies)
                  00006610    00000004     port.obj (.const)

.cinit     0    00006618    00000050     
                  00006618    00000016     (.cinit..data.load) [load image, compression = lzss]
                  0000662e    00000002     --HOLE-- [fill = 0]
                  00006630    0000000c     (__TI_handler_table)
                  0000663c    00000004     --HOLE-- [fill = 0]
                  00006640    00000008     (.cinit..bss.load) [load image, compression = zero_init]
                  00006648    00000008     (.cinit..vtable.load) [load image, compression = zero_init]
                  00006650    00000018     (__TI_cinit_table)

.init_array 
*          0    00000000    00000000     UNINITIALIZED

.vtable    0    20000000    0000026c     UNINITIALIZED
                  20000000    0000026c     interrupt.obj (.vtable)

.bss       0    2000026c    0000c4a4     UNINITIALIZED
                  2000026c    0000c350     heap_2.obj (.bss:ucHeap)
                  2000c5bc    00000064     tasks.obj (.bss:pxReadyTasksLists)
                  2000c620    00000040     (.common:xQueueRegistry)
                  2000c660    00000014     timers.obj (.bss:xActiveTimerList1)
                  2000c674    00000014     timers.obj (.bss:xActiveTimerList2)
                  2000c688    00000014     tasks.obj (.bss:xDelayedTaskList1)
                  2000c69c    00000014     tasks.obj (.bss:xDelayedTaskList2)
                  2000c6b0    00000014     tasks.obj (.bss:xPendingReadyList)
                  2000c6c4    00000014     tasks.obj (.bss:xSuspendedTaskList)
                  2000c6d8    00000014     tasks.obj (.bss:xTasksWaitingTermination)
                  2000c6ec    00000008     tasks.obj (.bss)
                  2000c6f4    00000008     timers.obj (.bss)
                  2000c6fc    00000008     heap_2.obj (.bss:xEnd)
                  2000c704    00000008     heap_2.obj (.bss:xStart)
                  2000c70c    00000004     (.common:clkFreq)

.data      0    2000c910    00000054     UNINITIALIZED
                  2000c910    00000034     tasks.obj (.data)
                  2000c944    0000000c     timers.obj (.data)
                  2000c950    00000008     heap_2.obj (.data)
                  2000c958    00000008     main.obj (.data)
                  2000c960    00000004     port.obj (.data)

.stack     0    2000c710    00000200     UNINITIALIZED
                  2000c710    00000004     rtsv7M4_T_le_v4SPD16_eabi.lib : boot_cortex_m.c.obj (.stack)
                  2000c714    000001fc     --HOLE--

MODULE SUMMARY

       Module                          code    ro data   rw data
       ------                          ----    -------   -------
    .\
       tm4c1294ncpdt_startup_ccs.obj   12      520       0      
       main.obj                        276     0         12     
    +--+-------------------------------+-------+---------+---------+
       Total:                          288     520       12     
                                                                
    .\FreeRTOS\
       tasks.obj                       6064    0         260    
       queue.obj                       2768    0         64     
       timers.obj                      1400    0         60     
       list.obj                        298     0         0      
    +--+-------------------------------+-------+---------+---------+
       Total:                          10530   0         384    
                                                                
    .\FreeRTOS\portable\CCS\ARM_CM4F\
       port.obj                        300     4         4      
       portasm.obj                     210     0         0      
    +--+-------------------------------+-------+---------+---------+
       Total:                          510     4         4      
                                                                
    .\FreeRTOS\portable\MemMang\
       heap_2.obj                      440     0         50024  
    +--+-------------------------------+-------+---------+---------+
       Total:                          440     0         50024  
                                                                
    .\driverlib\
       sysctl.obj                      5586    452       0      
       gpio.obj                        4428    528       0      
       interrupt.obj                   1168    268       620    
       cpu.obj                         62      0         0      
    +--+-------------------------------+-------+---------+---------+
       Total:                          11244   1248      620    
                                                                
    .\drivers\
       pinout.obj                      804     0         0      
    +--+-------------------------------+-------+---------+---------+
       Total:                          804     0         0      
                                                                
    C:\ti\ccsv8\tools\compiler\ti-cgt-arm_18.1.1.LTS\lib\rtsv7M4_T_le_v4SPD16_eabi.lib
       memcpy_t2.asm.obj               156     0         0      
       memset_t2.asm.obj               122     0         0      
       copy_decompress_lzss.c.obj      104     0         0      
       autoinit.c.obj                  68      0         0      
       boot_cortex_m.c.obj             56      0         0      
       copy_decompress_none.c.obj      14      0         0      
       copy_zero_init.c.obj            12      0         0      
       exit.c.obj                      4       0         0      
       pre_init.c.obj                  4       0         0      
    +--+-------------------------------+-------+---------+---------+
       Total:                          540     0         0      
                                                                
       Stack:                          0       0         512    
       Linker Generated:               0       74        0      
    +--+-------------------------------+-------+---------+---------+
       Grand Total:                    24356   1846      51556  


LINKER GENERATED COPY TABLES

__TI_cinit_table @ 00006650 records: 3, size/record: 8, table size: 24
	.data: load addr=00006618, load size=00000016 bytes, run addr=2000c910, run size=00000054 bytes, compression=lzss
	.bss: load addr=00006640, load size=00000008 bytes, run addr=2000026c, run size=0000c4a4 bytes, compression=zero_init
	.vtable: load addr=00006648, load size=00000008 bytes, run addr=20000000, run size=0000026c bytes, compression=zero_init


LINKER GENERATED HANDLER TABLE

__TI_handler_table @ 00006630 records: 3, size/record: 4, table size: 12
	index: 0, handler: __TI_zero_init
	index: 1, handler: __TI_decompress_lzss
	index: 2, handler: __TI_decompress_none


GLOBAL SYMBOLS: SORTED ALPHABETICALLY BY Name 

address   name                             
-------   ----                             
0000612d  C$$EXIT                          
000060b9  CPUbasepriGet                    
000060ab  CPUbasepriSet                    
00006085  CPUcpsid                         
0000609b  CPUcpsie                         
00006091  CPUprimask                       
000060a7  CPUwfi                           
00004099  GPIOADCTriggerDisable            
0000406d  GPIOADCTriggerEnable             
00004041  GPIODMATriggerDisable            
00004015  GPIODMATriggerEnable             
00003161  GPIODirModeGet                   
000030dd  GPIODirModeSet                   
00003899  GPIOIntClear                     
00003841  GPIOIntDisable                   
00003819  GPIOIntEnable                    
000038bb  GPIOIntRegister                  
00003869  GPIOIntStatus                    
00003329  GPIOIntTypeGet                   
0000322d  GPIOIntTypeSet                   
000038f9  GPIOIntUnregister                
000036a1  GPIOPadConfigGet                 
000033e7  GPIOPadConfigSet                 
00003f8f  GPIOPinConfigure                 
00003933  GPIOPinRead                      
0000398b  GPIOPinTypeADC                   
000039c1  GPIOPinTypeCAN                   
00003f49  GPIOPinTypeCIR                   
000039f7  GPIOPinTypeComparator            
00003a2d  GPIOPinTypeEPI                   
00003a63  GPIOPinTypeEthernetLED           
00003a99  GPIOPinTypeEthernetMII           
00003acf  GPIOPinTypeGPIOInput             
00003b05  GPIOPinTypeGPIOOutput            
00003b3b  GPIOPinTypeGPIOOutputOD          
00003b71  GPIOPinTypeI2C                   
00003ba7  GPIOPinTypeI2CSCL                
00003ed9  GPIOPinTypeKBColumn              
00003ea3  GPIOPinTypeKBRow                 
00003bdd  GPIOPinTypeLCD                   
00003f0f  GPIOPinTypeLEDSeq                
00003c13  GPIOPinTypeLPC                   
00003c4d  GPIOPinTypePECIRx                
00003c83  GPIOPinTypePECITx                
00003cb9  GPIOPinTypePWM                   
00003cef  GPIOPinTypeQEI                   
00003d25  GPIOPinTypeSSI                   
00003d5b  GPIOPinTypeTimer                 
00003d91  GPIOPinTypeUART                  
00003dc7  GPIOPinTypeUSBAnalog             
00003dfd  GPIOPinTypeUSBDigital            
00003e33  GPIOPinTypeWakeHigh              
00003e6b  GPIOPinTypeWakeLow               
00003f7f  GPIOPinWakeStatus                
0000395d  GPIOPinWrite                     
00005345  IntDisable                       
000052c7  IntEnable                        
000053cd  IntIsEnabled                     
0000512b  IntMasterDisable                 
0000511b  IntMasterEnable                  
000054f1  IntPendClear                     
00005481  IntPendSet                       
00005291  IntPriorityGet                   
000051f7  IntPriorityGroupingGet           
000051d1  IntPriorityGroupingSet           
00005557  IntPriorityMaskGet               
0000554b  IntPriorityMaskSet               
0000522f  IntPrioritySet                   
0000513b  IntRegister                      
0000555f  IntTrigger                       
000051b1  IntUnregister                    
0000580b  LEDRead                          
0000577b  LEDWrite                         
000055a9  PinoutSet                        
00006117  ResetISR                         
00002f2d  SysCtlAltClkConfig               
00002575  SysCtlClockFreqSet               
00002a71  SysCtlClockGet                   
00002ef5  SysCtlClockOutConfig             
000028a5  SysCtlClockSet                   
0000245d  SysCtlDeepSleep                  
00002c55  SysCtlDeepSleepClockConfigSet    
00002c39  SysCtlDeepSleepClockSet          
0000243d  SysCtlDeepSleepPowerSet          
00006123  SysCtlDelay                      
00001d69  SysCtlFlashSectorSizeGet         
00001d3d  SysCtlFlashSizeGet               
00002e29  SysCtlGPIOAHBDisable             
00002da1  SysCtlGPIOAHBEnable              
00002351  SysCtlIntClear                   
00002339  SysCtlIntDisable                 
00002325  SysCtlIntEnable                  
00002301  SysCtlIntRegister                
00002361  SysCtlIntStatus                  
00002315  SysCtlIntUnregister              
00002423  SysCtlLDODeepSleepGet            
000023d5  SysCtlLDODeepSleepSet            
000023cb  SysCtlLDOSleepGet                
0000237d  SysCtlLDOSleepSet                
00002499  SysCtlMOSCConfigSet              
00002edb  SysCtlNMIClear                   
00002ed5  SysCtlNMIStatus                  
000024a9  SysCtlPIOSCCalibrate             
00002d6d  SysCtlPWMClockGet                
00002d01  SysCtlPWMClockSet                
000022ad  SysCtlPeripheralClockGating      
0000225f  SysCtlPeripheralDeepSleepDisable 
00002211  SysCtlPeripheralDeepSleepEnable  
0000211d  SysCtlPeripheralDisable          
000020b1  SysCtlPeripheralEnable           
00001f61  SysCtlPeripheralPowerOff         
00001edd  SysCtlPeripheralPowerOn          
00001dc9  SysCtlPeripheralPresent          
00001e55  SysCtlPeripheralReady            
0000200d  SysCtlPeripheralReset            
000021bd  SysCtlPeripheralSleepDisable     
0000216b  SysCtlPeripheralSleepEnable      
0000244d  SysCtlReset                      
00002509  SysCtlResetBehaviorGet           
000024f9  SysCtlResetBehaviorSet           
00002485  SysCtlResetCauseClear            
00002479  SysCtlResetCauseGet              
00001d33  SysCtlSRAMSizeGet                
00002455  SysCtlSleep                      
0000242d  SysCtlSleepPowerSet              
00002e9f  SysCtlUSBPLLDisable              
00002e93  SysCtlUSBPLLEnable               
00002ec1  SysCtlVoltageEventClear          
00002eab  SysCtlVoltageEventConfig         
00002ebb  SysCtlVoltageEventStatus         
2000c910  __STACK_END                      
00000200  __STACK_SIZE                     
2000c910  __STACK_TOP                      
00006650  __TI_CINIT_Base                  
00006668  __TI_CINIT_Limit                 
00006630  __TI_Handler_Table_Base          
0000663c  __TI_Handler_Table_Limit         
00006041  __TI_auto_init_nobinit_nopinit   
00005fd9  __TI_decompress_lzss             
000060fd  __TI_decompress_none             
ffffffff  __TI_pprof_out_hndl              
ffffffff  __TI_prof_data_size              
ffffffff  __TI_prof_data_start             
00000000  __TI_static_base__               
0000610b  __TI_zero_init                   
00005f5f  __aeabi_memclr                   
00005f5f  __aeabi_memclr4                  
00005f5f  __aeabi_memclr8                  
00005ec3  __aeabi_memcpy                   
00005ec3  __aeabi_memcpy4                  
00005ec3  __aeabi_memcpy8                  
00005f61  __aeabi_memset                   
00005f61  __aeabi_memset4                  
00005f61  __aeabi_memset8                  
ffffffff  __binit__                        
ffffffff  __c_args__                       
00005cdd  __error__                        
UNDEFED   __mpu_init                       
2000c710  __stack                          
000060c5  _c_int00_noargs                  
UNDEFED   _system_post_cinit               
00006129  _system_pre_init                 
2000c958  a                                
0000612d  abort                            
2000c95c  b                                
ffffffff  binit                            
2000c70c  clkFreq                          
0000057d  eTaskGetState                    
20000000  g_pfnRAMVectors                  
00000000  g_pfnVectors                     
00005d21  main                             
00005ec3  memcpy                           
00005f67  memset                           
00004ab9  pcQueueGetName                   
00000b3f  pcTaskGetName                    
00004cdb  pcTimerGetName                   
000058cd  pvPortMalloc                     
000014c7  pvTaskIncrementMutexHeldCount    
000050c9  pvTimerGetTimerID                
2000c910  pxCurrentTCB                     
00005a85  pxPortInitialiseStack            
00005ce9  task1                            
00005d05  task2                            
00004839  ucQueueGetQueueType              
00006610  ulMaxSyscallInterruptPriority    
00005e01  ulPortGetIPSR                    
000014df  ulTaskNotifyTake                 
00005c93  uxListRemove                     
00004819  uxQueueGetQueueNumber            
000047bb  uxQueueMessagesWaiting           
000047f1  uxQueueMessagesWaitingFromISR    
000047d1  uxQueueSpacesAvailable           
00000b39  uxTaskGetNumberOfTasks           
00000b65  uxTaskGetSystemState             
00001009  uxTaskGetTaskNumber              
00000611  uxTaskPriorityGet                
00000641  uxTaskPriorityGetFromISR         
000014a5  uxTaskResetEventItemValue        
00005bb1  vListInitialise                  
00005be1  vListInitialiseItem              
00005c2d  vListInsert                      
00005bf1  vListInsertEnd                   
00005eb5  vPortEnableVFP                   
00005b25  vPortEndScheduler                
00005b27  vPortEnterCritical               
00005b47  vPortExitCritical                
000059c5  vPortFree                        
00005a29  vPortInitialiseBlocks            
00005e79  vPortSVCHandler                  
00005b83  vPortSetupTimerInterrupt         
00005e99  vPortStartFirstTask              
00004a77  vQueueAddToRegistry              
00004803  vQueueDelete                     
00004827  vQueueSetQueueNumber             
00004af9  vQueueUnregisterQueue            
00004b3d  vQueueWaitForMessageRestricted   
00000541  vTaskDelay                       
000004b1  vTaskDelayUntil                  
00000403  vTaskDelete                      
000009ff  vTaskEndScheduler                
0000111d  vTaskGetInfo                     
00000ff7  vTaskMissedYield                 
0000180b  vTaskNotifyGiveFromISR           
00000de5  vTaskPlaceOnEventList            
00000e2b  vTaskPlaceOnEventListRestricted  
00000e01  vTaskPlaceOnUnorderedEventList   
00001345  vTaskPriorityInherit             
0000068d  vTaskPrioritySet                 
000008a1  vTaskResume                      
00001029  vTaskSetTaskNumber               
00000f59  vTaskSetTimeOutState             
000009a9  vTaskStartScheduler              
000007a1  vTaskSuspend                     
00000a1b  vTaskSuspendAll                  
00000d7d  vTaskSwitchContext               
000050e3  vTimerSetTimerID                 
00005a23  xPortGetFreeHeapSize             
00005e19  xPortPendSVHandler               
00005aef  xPortStartScheduler              
00005b5d  xPortSysTickHandler              
000042d9  xQueueCreateCountingSemaphore    
00004229  xQueueCreateMutex                
0000416f  xQueueGenericCreate              
00004551  xQueueGenericReceive             
000040d1  xQueueGenericReset               
000042f9  xQueueGenericSend                
00004425  xQueueGenericSendFromISR         
000044bf  xQueueGiveFromISR                
00004255  xQueueGiveMutexRecursive         
00004a13  xQueueIsQueueEmptyFromISR        
00004a55  xQueueIsQueueFullFromISR         
00004769  xQueuePeekFromISR                
000046d1  xQueueReceiveFromISR             
2000c620  xQueueRegistry                   
00004291  xQueueTakeMutexRecursive         
00000f7d  xTaskCheckForTimeOut             
00000209  xTaskCreate                      
00001615  xTaskGenericNotify               
00001701  xTaskGenericNotifyFromISR        
000012e5  xTaskGetCurrentTaskHandle        
000012f9  xTaskGetSchedulerState           
00000b15  xTaskGetTickCount                
00000b25  xTaskGetTickCountFromISR         
00000c59  xTaskIncrementTick               
000018b9  xTaskNotifyStateClear            
00001565  xTaskNotifyWait                  
00001407  xTaskPriorityDisinherit          
00000e65  xTaskRemoveFromEventList         
00000ee5  xTaskRemoveFromUnorderedEventList
00000a31  xTaskResumeAll                   
0000091b  xTaskResumeFromISR               
00004bcd  xTimerCreate                     
00004ba1  xTimerCreateTimerTask            
00004c41  xTimerGenericCommand             
00004cc5  xTimerGetExpiryTime              
00004cb3  xTimerGetPeriod                  
00004cad  xTimerGetTimerDaemonTaskHandle   
0000509d  xTimerIsTimerActive              


GLOBAL SYMBOLS: SORTED BY Symbol Address 

address   name                             
-------   ----                             
00000000  __TI_static_base__               
00000000  g_pfnVectors                     
00000200  __STACK_SIZE                     
00000209  xTaskCreate                      
00000403  vTaskDelete                      
000004b1  vTaskDelayUntil                  
00000541  vTaskDelay                       
0000057d  eTaskGetState                    
00000611  uxTaskPriorityGet                
00000641  uxTaskPriorityGetFromISR         
0000068d  vTaskPrioritySet                 
000007a1  vTaskSuspend                     
000008a1  vTaskResume                      
0000091b  xTaskResumeFromISR               
000009a9  vTaskStartScheduler              
000009ff  vTaskEndScheduler                
00000a1b  vTaskSuspendAll                  
00000a31  xTaskResumeAll                   
00000b15  xTaskGetTickCount                
00000b25  xTaskGetTickCountFromISR         
00000b39  uxTaskGetNumberOfTasks           
00000b3f  pcTaskGetName                    
00000b65  uxTaskGetSystemState             
00000c59  xTaskIncrementTick               
00000d7d  vTaskSwitchContext               
00000de5  vTaskPlaceOnEventList            
00000e01  vTaskPlaceOnUnorderedEventList   
00000e2b  vTaskPlaceOnEventListRestricted  
00000e65  xTaskRemoveFromEventList         
00000ee5  xTaskRemoveFromUnorderedEventList
00000f59  vTaskSetTimeOutState             
00000f7d  xTaskCheckForTimeOut             
00000ff7  vTaskMissedYield                 
00001009  uxTaskGetTaskNumber              
00001029  vTaskSetTaskNumber               
0000111d  vTaskGetInfo                     
000012e5  xTaskGetCurrentTaskHandle        
000012f9  xTaskGetSchedulerState           
00001345  vTaskPriorityInherit             
00001407  xTaskPriorityDisinherit          
000014a5  uxTaskResetEventItemValue        
000014c7  pvTaskIncrementMutexHeldCount    
000014df  ulTaskNotifyTake                 
00001565  xTaskNotifyWait                  
00001615  xTaskGenericNotify               
00001701  xTaskGenericNotifyFromISR        
0000180b  vTaskNotifyGiveFromISR           
000018b9  xTaskNotifyStateClear            
00001d33  SysCtlSRAMSizeGet                
00001d3d  SysCtlFlashSizeGet               
00001d69  SysCtlFlashSectorSizeGet         
00001dc9  SysCtlPeripheralPresent          
00001e55  SysCtlPeripheralReady            
00001edd  SysCtlPeripheralPowerOn          
00001f61  SysCtlPeripheralPowerOff         
0000200d  SysCtlPeripheralReset            
000020b1  SysCtlPeripheralEnable           
0000211d  SysCtlPeripheralDisable          
0000216b  SysCtlPeripheralSleepEnable      
000021bd  SysCtlPeripheralSleepDisable     
00002211  SysCtlPeripheralDeepSleepEnable  
0000225f  SysCtlPeripheralDeepSleepDisable 
000022ad  SysCtlPeripheralClockGating      
00002301  SysCtlIntRegister                
00002315  SysCtlIntUnregister              
00002325  SysCtlIntEnable                  
00002339  SysCtlIntDisable                 
00002351  SysCtlIntClear                   
00002361  SysCtlIntStatus                  
0000237d  SysCtlLDOSleepSet                
000023cb  SysCtlLDOSleepGet                
000023d5  SysCtlLDODeepSleepSet            
00002423  SysCtlLDODeepSleepGet            
0000242d  SysCtlSleepPowerSet              
0000243d  SysCtlDeepSleepPowerSet          
0000244d  SysCtlReset                      
00002455  SysCtlSleep                      
0000245d  SysCtlDeepSleep                  
00002479  SysCtlResetCauseGet              
00002485  SysCtlResetCauseClear            
00002499  SysCtlMOSCConfigSet              
000024a9  SysCtlPIOSCCalibrate             
000024f9  SysCtlResetBehaviorSet           
00002509  SysCtlResetBehaviorGet           
00002575  SysCtlClockFreqSet               
000028a5  SysCtlClockSet                   
00002a71  SysCtlClockGet                   
00002c39  SysCtlDeepSleepClockSet          
00002c55  SysCtlDeepSleepClockConfigSet    
00002d01  SysCtlPWMClockSet                
00002d6d  SysCtlPWMClockGet                
00002da1  SysCtlGPIOAHBEnable              
00002e29  SysCtlGPIOAHBDisable             
00002e93  SysCtlUSBPLLEnable               
00002e9f  SysCtlUSBPLLDisable              
00002eab  SysCtlVoltageEventConfig         
00002ebb  SysCtlVoltageEventStatus         
00002ec1  SysCtlVoltageEventClear          
00002ed5  SysCtlNMIStatus                  
00002edb  SysCtlNMIClear                   
00002ef5  SysCtlClockOutConfig             
00002f2d  SysCtlAltClkConfig               
000030dd  GPIODirModeSet                   
00003161  GPIODirModeGet                   
0000322d  GPIOIntTypeSet                   
00003329  GPIOIntTypeGet                   
000033e7  GPIOPadConfigSet                 
000036a1  GPIOPadConfigGet                 
00003819  GPIOIntEnable                    
00003841  GPIOIntDisable                   
00003869  GPIOIntStatus                    
00003899  GPIOIntClear                     
000038bb  GPIOIntRegister                  
000038f9  GPIOIntUnregister                
00003933  GPIOPinRead                      
0000395d  GPIOPinWrite                     
0000398b  GPIOPinTypeADC                   
000039c1  GPIOPinTypeCAN                   
000039f7  GPIOPinTypeComparator            
00003a2d  GPIOPinTypeEPI                   
00003a63  GPIOPinTypeEthernetLED           
00003a99  GPIOPinTypeEthernetMII           
00003acf  GPIOPinTypeGPIOInput             
00003b05  GPIOPinTypeGPIOOutput            
00003b3b  GPIOPinTypeGPIOOutputOD          
00003b71  GPIOPinTypeI2C                   
00003ba7  GPIOPinTypeI2CSCL                
00003bdd  GPIOPinTypeLCD                   
00003c13  GPIOPinTypeLPC                   
00003c4d  GPIOPinTypePECIRx                
00003c83  GPIOPinTypePECITx                
00003cb9  GPIOPinTypePWM                   
00003cef  GPIOPinTypeQEI                   
00003d25  GPIOPinTypeSSI                   
00003d5b  GPIOPinTypeTimer                 
00003d91  GPIOPinTypeUART                  
00003dc7  GPIOPinTypeUSBAnalog             
00003dfd  GPIOPinTypeUSBDigital            
00003e33  GPIOPinTypeWakeHigh              
00003e6b  GPIOPinTypeWakeLow               
00003ea3  GPIOPinTypeKBRow                 
00003ed9  GPIOPinTypeKBColumn              
00003f0f  GPIOPinTypeLEDSeq                
00003f49  GPIOPinTypeCIR                   
00003f7f  GPIOPinWakeStatus                
00003f8f  GPIOPinConfigure                 
00004015  GPIODMATriggerEnable             
00004041  GPIODMATriggerDisable            
0000406d  GPIOADCTriggerEnable             
00004099  GPIOADCTriggerDisable            
000040d1  xQueueGenericReset               
0000416f  xQueueGenericCreate              
00004229  xQueueCreateMutex                
00004255  xQueueGiveMutexRecursive         
00004291  xQueueTakeMutexRecursive         
000042d9  xQueueCreateCountingSemaphore    
000042f9  xQueueGenericSend                
00004425  xQueueGenericSendFromISR         
000044bf  xQueueGiveFromISR                
00004551  xQueueGenericReceive             
000046d1  xQueueReceiveFromISR             
00004769  xQueuePeekFromISR                
000047bb  uxQueueMessagesWaiting           
000047d1  uxQueueSpacesAvailable           
000047f1  uxQueueMessagesWaitingFromISR    
00004803  vQueueDelete                     
00004819  uxQueueGetQueueNumber            
00004827  vQueueSetQueueNumber             
00004839  ucQueueGetQueueType              
00004a13  xQueueIsQueueEmptyFromISR        
00004a55  xQueueIsQueueFullFromISR         
00004a77  vQueueAddToRegistry              
00004ab9  pcQueueGetName                   
00004af9  vQueueUnregisterQueue            
00004b3d  vQueueWaitForMessageRestricted   
00004ba1  xTimerCreateTimerTask            
00004bcd  xTimerCreate                     
00004c41  xTimerGenericCommand             
00004cad  xTimerGetTimerDaemonTaskHandle   
00004cb3  xTimerGetPeriod                  
00004cc5  xTimerGetExpiryTime              
00004cdb  pcTimerGetName                   
0000509d  xTimerIsTimerActive              
000050c9  pvTimerGetTimerID                
000050e3  vTimerSetTimerID                 
0000511b  IntMasterEnable                  
0000512b  IntMasterDisable                 
0000513b  IntRegister                      
000051b1  IntUnregister                    
000051d1  IntPriorityGroupingSet           
000051f7  IntPriorityGroupingGet           
0000522f  IntPrioritySet                   
00005291  IntPriorityGet                   
000052c7  IntEnable                        
00005345  IntDisable                       
000053cd  IntIsEnabled                     
00005481  IntPendSet                       
000054f1  IntPendClear                     
0000554b  IntPriorityMaskSet               
00005557  IntPriorityMaskGet               
0000555f  IntTrigger                       
000055a9  PinoutSet                        
0000577b  LEDWrite                         
0000580b  LEDRead                          
000058cd  pvPortMalloc                     
000059c5  vPortFree                        
00005a23  xPortGetFreeHeapSize             
00005a29  vPortInitialiseBlocks            
00005a85  pxPortInitialiseStack            
00005aef  xPortStartScheduler              
00005b25  vPortEndScheduler                
00005b27  vPortEnterCritical               
00005b47  vPortExitCritical                
00005b5d  xPortSysTickHandler              
00005b83  vPortSetupTimerInterrupt         
00005bb1  vListInitialise                  
00005be1  vListInitialiseItem              
00005bf1  vListInsertEnd                   
00005c2d  vListInsert                      
00005c93  uxListRemove                     
00005cdd  __error__                        
00005ce9  task1                            
00005d05  task2                            
00005d21  main                             
00005e01  ulPortGetIPSR                    
00005e19  xPortPendSVHandler               
00005e79  vPortSVCHandler                  
00005e99  vPortStartFirstTask              
00005eb5  vPortEnableVFP                   
00005ec3  __aeabi_memcpy                   
00005ec3  __aeabi_memcpy4                  
00005ec3  __aeabi_memcpy8                  
00005ec3  memcpy                           
00005f5f  __aeabi_memclr                   
00005f5f  __aeabi_memclr4                  
00005f5f  __aeabi_memclr8                  
00005f61  __aeabi_memset                   
00005f61  __aeabi_memset4                  
00005f61  __aeabi_memset8                  
00005f67  memset                           
00005fd9  __TI_decompress_lzss             
00006041  __TI_auto_init_nobinit_nopinit   
00006085  CPUcpsid                         
00006091  CPUprimask                       
0000609b  CPUcpsie                         
000060a7  CPUwfi                           
000060ab  CPUbasepriSet                    
000060b9  CPUbasepriGet                    
000060c5  _c_int00_noargs                  
000060fd  __TI_decompress_none             
0000610b  __TI_zero_init                   
00006117  ResetISR                         
00006123  SysCtlDelay                      
00006129  _system_pre_init                 
0000612d  C$$EXIT                          
0000612d  abort                            
00006610  ulMaxSyscallInterruptPriority    
00006630  __TI_Handler_Table_Base          
0000663c  __TI_Handler_Table_Limit         
00006650  __TI_CINIT_Base                  
00006668  __TI_CINIT_Limit                 
20000000  g_pfnRAMVectors                  
2000c620  xQueueRegistry                   
2000c70c  clkFreq                          
2000c710  __stack                          
2000c910  __STACK_END                      
2000c910  __STACK_TOP                      
2000c910  pxCurrentTCB                     
2000c958  a                                
2000c95c  b                                
ffffffff  __TI_pprof_out_hndl              
ffffffff  __TI_prof_data_size              
ffffffff  __TI_prof_data_start             
ffffffff  __binit__                        
ffffffff  __c_args__                       
ffffffff  binit                            
UNDEFED   __mpu_init                       
UNDEFED   _system_post_cinit               

[278 symbols]
