<?xml version="1.0" encoding="ISO-8859-1" ?>
<link_info>
   <banner>TI ARM Linker PC v18.1.1.LTS</banner>
   <copyright>Copyright (c) 1996-2017 Texas Instruments Incorporated</copyright>
   <link_time>0x5ac96589</link_time>
   <link_errors>0x0</link_errors>
   <output_file>FreeRTOS_tiva_demo.out</output_file>
   <entry_point>
      <name>_c_int00_noargs</name>
      <address>0x685d</address>
   </entry_point>
   <input_file_list>
      <input_file id="fl-2">
         <path>.\</path>
         <kind>object</kind>
         <file>main.obj</file>
         <name>main.obj</name>
      </input_file>
      <input_file id="fl-3">
         <path>.\</path>
         <kind>object</kind>
         <file>tm4c1294ncpdt_startup_ccs.obj</file>
         <name>tm4c1294ncpdt_startup_ccs.obj</name>
      </input_file>
      <input_file id="fl-4">
         <path>.\FreeRTOS\</path>
         <kind>object</kind>
         <file>croutine.obj</file>
         <name>croutine.obj</name>
      </input_file>
      <input_file id="fl-5">
         <path>.\FreeRTOS\</path>
         <kind>object</kind>
         <file>event_groups.obj</file>
         <name>event_groups.obj</name>
      </input_file>
      <input_file id="fl-6">
         <path>.\FreeRTOS\</path>
         <kind>object</kind>
         <file>list.obj</file>
         <name>list.obj</name>
      </input_file>
      <input_file id="fl-7">
         <path>.\FreeRTOS\</path>
         <kind>object</kind>
         <file>queue.obj</file>
         <name>queue.obj</name>
      </input_file>
      <input_file id="fl-8">
         <path>.\FreeRTOS\</path>
         <kind>object</kind>
         <file>tasks.obj</file>
         <name>tasks.obj</name>
      </input_file>
      <input_file id="fl-9">
         <path>.\FreeRTOS\</path>
         <kind>object</kind>
         <file>timers.obj</file>
         <name>timers.obj</name>
      </input_file>
      <input_file id="fl-a">
         <path>.\FreeRTOS\portable\CCS\ARM_CM4F\</path>
         <kind>object</kind>
         <file>port.obj</file>
         <name>port.obj</name>
      </input_file>
      <input_file id="fl-b">
         <path>.\FreeRTOS\portable\CCS\ARM_CM4F\</path>
         <kind>object</kind>
         <file>portasm.obj</file>
         <name>portasm.obj</name>
      </input_file>
      <input_file id="fl-c">
         <path>.\FreeRTOS\portable\MemMang\</path>
         <kind>object</kind>
         <file>heap_2.obj</file>
         <name>heap_2.obj</name>
      </input_file>
      <input_file id="fl-d">
         <path>.\driverlib\</path>
         <kind>object</kind>
         <file>adc.obj</file>
         <name>adc.obj</name>
      </input_file>
      <input_file id="fl-e">
         <path>.\driverlib\</path>
         <kind>object</kind>
         <file>aes.obj</file>
         <name>aes.obj</name>
      </input_file>
      <input_file id="fl-f">
         <path>.\driverlib\</path>
         <kind>object</kind>
         <file>can.obj</file>
         <name>can.obj</name>
      </input_file>
      <input_file id="fl-10">
         <path>.\driverlib\</path>
         <kind>object</kind>
         <file>comp.obj</file>
         <name>comp.obj</name>
      </input_file>
      <input_file id="fl-11">
         <path>.\driverlib\</path>
         <kind>object</kind>
         <file>cpu.obj</file>
         <name>cpu.obj</name>
      </input_file>
      <input_file id="fl-12">
         <path>.\driverlib\</path>
         <kind>object</kind>
         <file>crc.obj</file>
         <name>crc.obj</name>
      </input_file>
      <input_file id="fl-13">
         <path>.\driverlib\</path>
         <kind>object</kind>
         <file>des.obj</file>
         <name>des.obj</name>
      </input_file>
      <input_file id="fl-14">
         <path>.\driverlib\</path>
         <kind>object</kind>
         <file>eeprom.obj</file>
         <name>eeprom.obj</name>
      </input_file>
      <input_file id="fl-15">
         <path>.\driverlib\</path>
         <kind>object</kind>
         <file>emac.obj</file>
         <name>emac.obj</name>
      </input_file>
      <input_file id="fl-16">
         <path>.\driverlib\</path>
         <kind>object</kind>
         <file>epi.obj</file>
         <name>epi.obj</name>
      </input_file>
      <input_file id="fl-17">
         <path>.\driverlib\</path>
         <kind>object</kind>
         <file>epi_workaround_ccs.obj</file>
         <name>epi_workaround_ccs.obj</name>
      </input_file>
      <input_file id="fl-18">
         <path>.\driverlib\</path>
         <kind>object</kind>
         <file>flash.obj</file>
         <name>flash.obj</name>
      </input_file>
      <input_file id="fl-19">
         <path>.\driverlib\</path>
         <kind>object</kind>
         <file>fpu.obj</file>
         <name>fpu.obj</name>
      </input_file>
      <input_file id="fl-1a">
         <path>.\driverlib\</path>
         <kind>object</kind>
         <file>gpio.obj</file>
         <name>gpio.obj</name>
      </input_file>
      <input_file id="fl-1b">
         <path>.\driverlib\</path>
         <kind>object</kind>
         <file>hibernate.obj</file>
         <name>hibernate.obj</name>
      </input_file>
      <input_file id="fl-1c">
         <path>.\driverlib\</path>
         <kind>object</kind>
         <file>i2c.obj</file>
         <name>i2c.obj</name>
      </input_file>
      <input_file id="fl-1d">
         <path>.\driverlib\</path>
         <kind>object</kind>
         <file>interrupt.obj</file>
         <name>interrupt.obj</name>
      </input_file>
      <input_file id="fl-1e">
         <path>.\driverlib\</path>
         <kind>object</kind>
         <file>lcd.obj</file>
         <name>lcd.obj</name>
      </input_file>
      <input_file id="fl-1f">
         <path>.\driverlib\</path>
         <kind>object</kind>
         <file>mpu.obj</file>
         <name>mpu.obj</name>
      </input_file>
      <input_file id="fl-20">
         <path>.\driverlib\</path>
         <kind>object</kind>
         <file>pwm.obj</file>
         <name>pwm.obj</name>
      </input_file>
      <input_file id="fl-21">
         <path>.\driverlib\</path>
         <kind>object</kind>
         <file>qei.obj</file>
         <name>qei.obj</name>
      </input_file>
      <input_file id="fl-22">
         <path>.\driverlib\</path>
         <kind>object</kind>
         <file>shamd5.obj</file>
         <name>shamd5.obj</name>
      </input_file>
      <input_file id="fl-23">
         <path>.\driverlib\</path>
         <kind>object</kind>
         <file>ssi.obj</file>
         <name>ssi.obj</name>
      </input_file>
      <input_file id="fl-24">
         <path>.\driverlib\</path>
         <kind>object</kind>
         <file>sw_crc.obj</file>
         <name>sw_crc.obj</name>
      </input_file>
      <input_file id="fl-25">
         <path>.\driverlib\</path>
         <kind>object</kind>
         <file>sysctl.obj</file>
         <name>sysctl.obj</name>
      </input_file>
      <input_file id="fl-26">
         <path>.\driverlib\</path>
         <kind>object</kind>
         <file>sysexc.obj</file>
         <name>sysexc.obj</name>
      </input_file>
      <input_file id="fl-27">
         <path>.\driverlib\</path>
         <kind>object</kind>
         <file>systick.obj</file>
         <name>systick.obj</name>
      </input_file>
      <input_file id="fl-28">
         <path>.\driverlib\</path>
         <kind>object</kind>
         <file>timer.obj</file>
         <name>timer.obj</name>
      </input_file>
      <input_file id="fl-29">
         <path>.\driverlib\</path>
         <kind>object</kind>
         <file>uart.obj</file>
         <name>uart.obj</name>
      </input_file>
      <input_file id="fl-2a">
         <path>.\driverlib\</path>
         <kind>object</kind>
         <file>udma.obj</file>
         <name>udma.obj</name>
      </input_file>
      <input_file id="fl-2b">
         <path>.\driverlib\</path>
         <kind>object</kind>
         <file>usb.obj</file>
         <name>usb.obj</name>
      </input_file>
      <input_file id="fl-2c">
         <path>.\driverlib\</path>
         <kind>object</kind>
         <file>watchdog.obj</file>
         <name>watchdog.obj</name>
      </input_file>
      <input_file id="fl-2d">
         <path>.\drivers\</path>
         <kind>object</kind>
         <file>pinout.obj</file>
         <name>pinout.obj</name>
      </input_file>
      <input_file id="fl-2e">
         <path>.\utils\</path>
         <kind>object</kind>
         <file>uartstdio.obj</file>
         <name>uartstdio.obj</name>
      </input_file>
      <input_file id="fl-32">
         <kind>object</kind>
         <file>&lt;internal&gt;</file>
         <name>&lt;internal&gt;</name>
      </input_file>
      <input_file id="fl-e8">
         <path>C:\ti\ccsv8\tools\compiler\ti-cgt-arm_18.1.1.LTS\lib\</path>
         <kind>archive</kind>
         <file>rtsv7M4_T_le_v4SPD16_eabi.lib</file>
         <name>u_divt2.asm.obj</name>
      </input_file>
      <input_file id="fl-e9">
         <path>C:\ti\ccsv8\tools\compiler\ti-cgt-arm_18.1.1.LTS\lib\</path>
         <kind>archive</kind>
         <file>rtsv7M4_T_le_v4SPD16_eabi.lib</file>
         <name>memcpy_t2.asm.obj</name>
      </input_file>
      <input_file id="fl-ea">
         <path>C:\ti\ccsv8\tools\compiler\ti-cgt-arm_18.1.1.LTS\lib\</path>
         <kind>archive</kind>
         <file>rtsv7M4_T_le_v4SPD16_eabi.lib</file>
         <name>memset_t2.asm.obj</name>
      </input_file>
      <input_file id="fl-eb">
         <path>C:\ti\ccsv8\tools\compiler\ti-cgt-arm_18.1.1.LTS\lib\</path>
         <kind>archive</kind>
         <file>rtsv7M4_T_le_v4SPD16_eabi.lib</file>
         <name>copy_zero_init.c.obj</name>
      </input_file>
      <input_file id="fl-ec">
         <path>C:\ti\ccsv8\tools\compiler\ti-cgt-arm_18.1.1.LTS\lib\</path>
         <kind>archive</kind>
         <file>rtsv7M4_T_le_v4SPD16_eabi.lib</file>
         <name>copy_decompress_none.c.obj</name>
      </input_file>
      <input_file id="fl-ed">
         <path>C:\ti\ccsv8\tools\compiler\ti-cgt-arm_18.1.1.LTS\lib\</path>
         <kind>archive</kind>
         <file>rtsv7M4_T_le_v4SPD16_eabi.lib</file>
         <name>copy_decompress_lzss.c.obj</name>
      </input_file>
      <input_file id="fl-ee">
         <path>C:\ti\ccsv8\tools\compiler\ti-cgt-arm_18.1.1.LTS\lib\</path>
         <kind>archive</kind>
         <file>rtsv7M4_T_le_v4SPD16_eabi.lib</file>
         <name>boot_cortex_m.c.obj</name>
      </input_file>
      <input_file id="fl-ef">
         <path>C:\ti\ccsv8\tools\compiler\ti-cgt-arm_18.1.1.LTS\lib\</path>
         <kind>archive</kind>
         <file>rtsv7M4_T_le_v4SPD16_eabi.lib</file>
         <name>exit.c.obj</name>
      </input_file>
      <input_file id="fl-f0">
         <path>C:\ti\ccsv8\tools\compiler\ti-cgt-arm_18.1.1.LTS\lib\</path>
         <kind>archive</kind>
         <file>rtsv7M4_T_le_v4SPD16_eabi.lib</file>
         <name>_lock.c.obj</name>
      </input_file>
      <input_file id="fl-f1">
         <path>C:\ti\ccsv8\tools\compiler\ti-cgt-arm_18.1.1.LTS\lib\</path>
         <kind>archive</kind>
         <file>rtsv7M4_T_le_v4SPD16_eabi.lib</file>
         <name>args_main.c.obj</name>
      </input_file>
      <input_file id="fl-f2">
         <path>C:\ti\ccsv8\tools\compiler\ti-cgt-arm_18.1.1.LTS\lib\</path>
         <kind>archive</kind>
         <file>rtsv7M4_T_le_v4SPD16_eabi.lib</file>
         <name>div0.asm.obj</name>
      </input_file>
      <input_file id="fl-f3">
         <path>C:\ti\ccsv8\tools\compiler\ti-cgt-arm_18.1.1.LTS\lib\</path>
         <kind>archive</kind>
         <file>rtsv7M4_T_le_v4SPD16_eabi.lib</file>
         <name>autoinit.c.obj</name>
      </input_file>
      <input_file id="fl-f4">
         <path>C:\ti\ccsv8\tools\compiler\ti-cgt-arm_18.1.1.LTS\lib\</path>
         <kind>archive</kind>
         <file>rtsv7M4_T_le_v4SPD16_eabi.lib</file>
         <name>pre_init.c.obj</name>
      </input_file>
      <input_file id="fl-f5">
         <path>C:\ti\ccsv8\tools\compiler\ti-cgt-arm_18.1.1.LTS\lib\</path>
         <kind>archive</kind>
         <file>rtsv7M4_T_le_v4SPD16_eabi.lib</file>
         <name>cpy_tbl.c.obj</name>
      </input_file>
   </input_file_list>
   <object_component_list>
      <object_component id="oc-f">
         <name>.intvecs</name>
         <load_address>0x0</load_address>
         <run_address>0x0</run_address>
         <size>0x208</size>
         <input_file_ref idref="fl-3"/>
      </object_component>
      <object_component id="oc-7c">
         <name>.text</name>
         <load_address>0x208</load_address>
         <run_address>0x208</run_address>
         <size>0x17b0</size>
         <input_file_ref idref="fl-8"/>
      </object_component>
      <object_component id="oc-13f">
         <name>.text</name>
         <load_address>0x19b8</load_address>
         <run_address>0x19b8</run_address>
         <size>0x15cc</size>
         <input_file_ref idref="fl-25"/>
      </object_component>
      <object_component id="oc-139">
         <name>.text</name>
         <load_address>0x2f84</load_address>
         <run_address>0x2f84</run_address>
         <size>0x114c</size>
         <input_file_ref idref="fl-1a"/>
      </object_component>
      <object_component id="oc-133">
         <name>.text</name>
         <load_address>0x40d0</load_address>
         <run_address>0x40d0</run_address>
         <size>0xad0</size>
         <input_file_ref idref="fl-7"/>
      </object_component>
      <object_component id="oc-f8">
         <name>.text</name>
         <load_address>0x4ba0</load_address>
         <run_address>0x4ba0</run_address>
         <size>0x578</size>
         <input_file_ref idref="fl-9"/>
      </object_component>
      <object_component id="oc-12d">
         <name>.text</name>
         <load_address>0x5118</load_address>
         <run_address>0x5118</run_address>
         <size>0x56c</size>
         <input_file_ref idref="fl-2e"/>
      </object_component>
      <object_component id="oc-1fa">
         <name>.text</name>
         <load_address>0x5684</load_address>
         <run_address>0x5684</run_address>
         <size>0x490</size>
         <input_file_ref idref="fl-1d"/>
      </object_component>
      <object_component id="oc-145">
         <name>.text</name>
         <load_address>0x5b14</load_address>
         <run_address>0x5b14</run_address>
         <size>0x324</size>
         <input_file_ref idref="fl-2d"/>
      </object_component>
      <object_component id="oc-c4">
         <name>.text</name>
         <load_address>0x5e38</load_address>
         <run_address>0x5e38</run_address>
         <size>0x300</size>
         <input_file_ref idref="fl-2"/>
      </object_component>
      <object_component id="oc-e0">
         <name>.text</name>
         <load_address>0x6138</load_address>
         <run_address>0x6138</run_address>
         <size>0x1b8</size>
         <input_file_ref idref="fl-c"/>
      </object_component>
      <object_component id="oc-2f">
         <name>.text</name>
         <load_address>0x62f0</load_address>
         <run_address>0x62f0</run_address>
         <size>0x12c</size>
         <input_file_ref idref="fl-a"/>
      </object_component>
      <object_component id="oc-e6">
         <name>.text</name>
         <load_address>0x641c</load_address>
         <run_address>0x641c</run_address>
         <size>0x12a</size>
         <input_file_ref idref="fl-6"/>
      </object_component>
      <object_component id="oc-265">
         <name>.text</name>
         <load_address>0x6546</load_address>
         <run_address>0x6546</run_address>
         <size>0x2</size>
         <input_file_ref idref="fl-f2"/>
      </object_component>
      <object_component id="oc-2a">
         <name>.text</name>
         <load_address>0x6548</load_address>
         <run_address>0x6548</run_address>
         <size>0xd2</size>
         <input_file_ref idref="fl-b"/>
      </object_component>
      <object_component id="oc-43">
         <name>.text</name>
         <load_address>0x661a</load_address>
         <run_address>0x661a</run_address>
         <size>0x9c</size>
         <input_file_ref idref="fl-e9"/>
      </object_component>
      <object_component id="oc-b8">
         <name>.text</name>
         <load_address>0x66b6</load_address>
         <run_address>0x66b6</run_address>
         <size>0x7a</size>
         <input_file_ref idref="fl-ea"/>
      </object_component>
      <object_component id="oc-12">
         <name>.text:decompress:lzss:__TI_decompress_lzss</name>
         <load_address>0x6730</load_address>
         <run_address>0x6730</run_address>
         <size>0x68</size>
         <input_file_ref idref="fl-ed"/>
      </object_component>
      <object_component id="oc-162">
         <name>.text:__TI_auto_init_nobinit_nopinit:__TI_auto_init_nobinit_nopinit</name>
         <load_address>0x6798</load_address>
         <run_address>0x6798</run_address>
         <size>0x44</size>
         <input_file_ref idref="fl-f3"/>
      </object_component>
      <object_component id="oc-1e1">
         <name>.text</name>
         <load_address>0x67dc</load_address>
         <run_address>0x67dc</run_address>
         <size>0x40</size>
         <input_file_ref idref="fl-e8"/>
      </object_component>
      <object_component id="oc-20d">
         <name>.text</name>
         <load_address>0x681c</load_address>
         <run_address>0x681c</run_address>
         <size>0x3e</size>
         <input_file_ref idref="fl-11"/>
      </object_component>
      <object_component id="oc-61">
         <name>.text:_c_int00_noargs:_c_int00_noargs</name>
         <load_address>0x685c</load_address>
         <run_address>0x685c</run_address>
         <size>0x38</size>
         <input_file_ref idref="fl-ee"/>
      </object_component>
      <object_component id="oc-18">
         <name>.text:decompress:none:__TI_decompress_none</name>
         <load_address>0x6894</load_address>
         <run_address>0x6894</run_address>
         <size>0xe</size>
         <input_file_ref idref="fl-ec"/>
      </object_component>
      <object_component id="oc-55">
         <name>.text:decompress:ZI:__TI_zero_init</name>
         <load_address>0x68a2</load_address>
         <run_address>0x68a2</run_address>
         <size>0xc</size>
         <input_file_ref idref="fl-eb"/>
      </object_component>
      <object_component id="oc-24">
         <name>.text</name>
         <load_address>0x68ae</load_address>
         <run_address>0x68ae</run_address>
         <size>0xc</size>
         <input_file_ref idref="fl-3"/>
      </object_component>
      <object_component id="oc-21c">
         <name>.text:SysCtlDelay</name>
         <load_address>0x68ba</load_address>
         <run_address>0x68ba</run_address>
         <size>0x6</size>
         <input_file_ref idref="fl-25"/>
      </object_component>
      <object_component id="oc-be">
         <name>.text:_system_pre_init</name>
         <load_address>0x68c0</load_address>
         <run_address>0x68c0</run_address>
         <size>0x4</size>
         <input_file_ref idref="fl-f4"/>
      </object_component>
      <object_component id="oc-156">
         <name>.text:abort:abort</name>
         <load_address>0x68c4</load_address>
         <run_address>0x68c4</run_address>
         <size>0x4</size>
         <input_file_ref idref="fl-ef"/>
      </object_component>
      <object_component id="oc-216">
         <name>.const:g_pppui32XTALtoVCO</name>
         <load_address>0x68c8</load_address>
         <run_address>0x68c8</run_address>
         <size>0x120</size>
         <input_file_ref idref="fl-25"/>
      </object_component>
      <object_component id="oc-1f4">
         <name>.const:g_ppui32GPIOIntMapBlizzard</name>
         <load_address>0x69e8</load_address>
         <run_address>0x69e8</run_address>
         <size>0xc0</size>
         <input_file_ref idref="fl-1a"/>
      </object_component>
      <object_component id="oc-1f7">
         <name>.const:g_ppui32GPIOIntMapSnowflake</name>
         <load_address>0x6aa8</load_address>
         <run_address>0x6aa8</run_address>
         <size>0xc0</size>
         <input_file_ref idref="fl-1a"/>
      </object_component>
      <object_component id="oc-281">
         <name>.const:g_pui32Regs</name>
         <load_address>0x6b68</load_address>
         <run_address>0x6b68</run_address>
         <size>0x9c</size>
         <input_file_ref idref="fl-1d"/>
      </object_component>
      <object_component id="oc-200">
         <name>.const:g_pui32GPIOBaseAddrs</name>
         <load_address>0x6c04</load_address>
         <run_address>0x6c04</run_address>
         <size>0x90</size>
         <input_file_ref idref="fl-1a"/>
      </object_component>
      <object_component id="oc-213">
         <name>.const:g_pui32Xtals</name>
         <load_address>0x6c94</load_address>
         <run_address>0x6c94</run_address>
         <size>0x6c</size>
         <input_file_ref idref="fl-25"/>
      </object_component>
      <object_component id="oc-20a">
         <name>.const:g_sXTALtoMEMTIM</name>
         <load_address>0x6d00</load_address>
         <run_address>0x6d00</run_address>
         <size>0x30</size>
         <input_file_ref idref="fl-25"/>
      </object_component>
      <object_component id="oc-27e">
         <name>.const:g_pui32Priority</name>
         <load_address>0x6d30</load_address>
         <run_address>0x6d30</run_address>
         <size>0x20</size>
         <input_file_ref idref="fl-1d"/>
      </object_component>
      <object_component id="oc-287">
         <name>.const:g_pui32Dii16Regs</name>
         <load_address>0x6d50</load_address>
         <run_address>0x6d50</run_address>
         <size>0x14</size>
         <input_file_ref idref="fl-1d"/>
      </object_component>
      <object_component id="oc-284">
         <name>.const:g_pui32EnRegs</name>
         <load_address>0x6d64</load_address>
         <run_address>0x6d64</run_address>
         <size>0x14</size>
         <input_file_ref idref="fl-1d"/>
      </object_component>
      <object_component id="oc-28a">
         <name>.const:g_pui32PendRegs</name>
         <load_address>0x6d78</load_address>
         <run_address>0x6d78</run_address>
         <size>0x14</size>
         <input_file_ref idref="fl-1d"/>
      </object_component>
      <object_component id="oc-28d">
         <name>.const:g_pui32UnpendRegs</name>
         <load_address>0x6d8c</load_address>
         <run_address>0x6d8c</run_address>
         <size>0x14</size>
         <input_file_ref idref="fl-1d"/>
      </object_component>
      <object_component id="oc-26b">
         <name>.const:.string</name>
         <load_address>0x6da0</load_address>
         <run_address>0x6da0</run_address>
         <size>0x12</size>
         <input_file_ref idref="fl-2e"/>
      </object_component>
      <object_component id="oc-1de">
         <name>.const:g_ui32UARTBase</name>
         <load_address>0x6db4</load_address>
         <run_address>0x6db4</run_address>
         <size>0xc</size>
         <input_file_ref idref="fl-2e"/>
      </object_component>
      <object_component id="oc-1d8">
         <name>.const:g_ui32UARTPeriph</name>
         <load_address>0x6dc0</load_address>
         <run_address>0x6dc0</run_address>
         <size>0xc</size>
         <input_file_ref idref="fl-2e"/>
      </object_component>
      <object_component id="oc-219">
         <name>.const:g_pui32VCOFrequencies</name>
         <load_address>0x6dcc</load_address>
         <run_address>0x6dcc</run_address>
         <size>0x8</size>
         <input_file_ref idref="fl-25"/>
      </object_component>
      <object_component id="oc-79">
         <name>.const</name>
         <load_address>0x6dd4</load_address>
         <run_address>0x6dd4</run_address>
         <size>0x4</size>
         <input_file_ref idref="fl-a"/>
      </object_component>
      <object_component id="oc-1e6">
         <name>.const</name>
         <load_address>0x6dd8</load_address>
         <run_address>0x6dd8</run_address>
         <size>0x4</size>
         <input_file_ref idref="fl-2e"/>
      </object_component>
      <object_component id="oc-31e">
         <name>.cinit..data.load</name>
         <load_address>0x6de0</load_address>
         <run_address>0x6de0</run_address>
         <size>0x17</size>
      </object_component>
      <object_component id="oc-31b">
         <name>__TI_handler_table</name>
         <load_address>0x6df8</load_address>
         <run_address>0x6df8</run_address>
         <size>0xc</size>
      </object_component>
      <object_component id="oc-31f">
         <name>.cinit..bss.load</name>
         <load_address>0x6e08</load_address>
         <run_address>0x6e08</run_address>
         <size>0x8</size>
      </object_component>
      <object_component id="oc-31d">
         <name>.cinit..vtable.load</name>
         <load_address>0x6e10</load_address>
         <run_address>0x6e10</run_address>
         <size>0x8</size>
      </object_component>
      <object_component id="oc-31c">
         <name>__TI_cinit_table</name>
         <load_address>0x6e18</load_address>
         <run_address>0x6e18</run_address>
         <size>0x18</size>
      </object_component>
      <object_component id="oc-27b">
         <name>.vtable</name>
         <uninitialized>true</uninitialized>
         <run_address>0x20000000</run_address>
         <size>0x26c</size>
         <input_file_ref idref="fl-1d"/>
      </object_component>
      <object_component id="oc-14c">
         <name>.data</name>
         <load_address>0x2000c94c</load_address>
         <run_address>0x2000c94c</run_address>
         <size>0x14</size>
         <input_file_ref idref="fl-2"/>
      </object_component>
      <object_component id="oc-76">
         <name>.data</name>
         <load_address>0x2000c918</load_address>
         <run_address>0x2000c918</run_address>
         <size>0x34</size>
         <input_file_ref idref="fl-8"/>
      </object_component>
      <object_component id="oc-1b8">
         <name>.data</name>
         <load_address>0x2000c960</load_address>
         <run_address>0x2000c960</run_address>
         <size>0xc</size>
         <input_file_ref idref="fl-9"/>
      </object_component>
      <object_component id="oc-83">
         <name>.data</name>
         <load_address>0x2000c97c</load_address>
         <run_address>0x2000c97c</run_address>
         <size>0x4</size>
         <input_file_ref idref="fl-a"/>
      </object_component>
      <object_component id="oc-1a0">
         <name>.data</name>
         <load_address>0x2000c96c</load_address>
         <run_address>0x2000c96c</run_address>
         <size>0x8</size>
         <input_file_ref idref="fl-c"/>
      </object_component>
      <object_component id="oc-1db">
         <name>.data</name>
         <load_address>0x2000c974</load_address>
         <run_address>0x2000c974</run_address>
         <size>0x5</size>
         <input_file_ref idref="fl-2e"/>
      </object_component>
      <object_component id="oc-ec">
         <name>.bss:pxReadyTasksLists</name>
         <uninitialized>true</uninitialized>
         <run_address>0x2000c5bc</run_address>
         <size>0x64</size>
         <input_file_ref idref="fl-8"/>
      </object_component>
      <object_component id="oc-101">
         <name>.bss:xDelayedTaskList1</name>
         <uninitialized>true</uninitialized>
         <run_address>0x2000c688</run_address>
         <size>0x14</size>
         <input_file_ref idref="fl-8"/>
      </object_component>
      <object_component id="oc-104">
         <name>.bss:xDelayedTaskList2</name>
         <uninitialized>true</uninitialized>
         <run_address>0x2000c69c</run_address>
         <size>0x14</size>
         <input_file_ref idref="fl-8"/>
      </object_component>
      <object_component id="oc-f2">
         <name>.bss</name>
         <uninitialized>true</uninitialized>
         <run_address>0x2000c6ec</run_address>
         <size>0x8</size>
         <input_file_ref idref="fl-8"/>
      </object_component>
      <object_component id="oc-fe">
         <name>.bss:xPendingReadyList</name>
         <uninitialized>true</uninitialized>
         <run_address>0x2000c6b0</run_address>
         <size>0x14</size>
         <input_file_ref idref="fl-8"/>
      </object_component>
      <object_component id="oc-ef">
         <name>.bss:xTasksWaitingTermination</name>
         <uninitialized>true</uninitialized>
         <run_address>0x2000c6d8</run_address>
         <size>0x14</size>
         <input_file_ref idref="fl-8"/>
      </object_component>
      <object_component id="oc-f5">
         <name>.bss:xSuspendedTaskList</name>
         <uninitialized>true</uninitialized>
         <run_address>0x2000c6c4</run_address>
         <size>0x14</size>
         <input_file_ref idref="fl-8"/>
      </object_component>
      <object_component id="oc-1be">
         <name>.bss:xActiveTimerList1</name>
         <uninitialized>true</uninitialized>
         <run_address>0x2000c660</run_address>
         <size>0x14</size>
         <input_file_ref idref="fl-9"/>
      </object_component>
      <object_component id="oc-1c1">
         <name>.bss:xActiveTimerList2</name>
         <uninitialized>true</uninitialized>
         <run_address>0x2000c674</run_address>
         <size>0x14</size>
         <input_file_ref idref="fl-9"/>
      </object_component>
      <object_component id="oc-1bb">
         <name>.bss</name>
         <uninitialized>true</uninitialized>
         <run_address>0x2000c6f4</run_address>
         <size>0x8</size>
         <input_file_ref idref="fl-9"/>
      </object_component>
      <object_component id="oc-1a9">
         <name>.bss:ucHeap</name>
         <uninitialized>true</uninitialized>
         <run_address>0x2000026c</run_address>
         <size>0xc350</size>
         <input_file_ref idref="fl-c"/>
      </object_component>
      <object_component id="oc-1a3">
         <name>.bss:xStart</name>
         <uninitialized>true</uninitialized>
         <run_address>0x2000c704</run_address>
         <size>0x8</size>
         <input_file_ref idref="fl-c"/>
      </object_component>
      <object_component id="oc-1a6">
         <name>.bss:xEnd</name>
         <uninitialized>true</uninitialized>
         <run_address>0x2000c6fc</run_address>
         <size>0x8</size>
         <input_file_ref idref="fl-c"/>
      </object_component>
      <object_component id="oc-14b">
         <name>.common:clkFreq</name>
         <uninitialized>true</uninitialized>
         <run_address>0x2000c70c</run_address>
         <size>0x4</size>
      </object_component>
      <object_component id="oc-14f">
         <name>.common:xQueue</name>
         <uninitialized>true</uninitialized>
         <run_address>0x2000c710</run_address>
         <size>0x4</size>
      </object_component>
      <object_component id="oc-1f0">
         <name>.common:xQueueRegistry</name>
         <uninitialized>true</uninitialized>
         <run_address>0x2000c620</run_address>
         <size>0x40</size>
      </object_component>
      <object_component id="oc-21">
         <name>.stack</name>
         <uninitialized>true</uninitialized>
         <run_address>0x2000c718</run_address>
         <size>0x4</size>
         <input_file_ref idref="fl-ee"/>
      </object_component>
      <object_component id="oc-320">
         <name>.stack</name>
         <uninitialized>true</uninitialized>
         <run_address>0x2000c718</run_address>
         <size>0x0</size>
      </object_component>
      <object_component id="oc-111">
         <name>.debug_info</name>
         <load_address>0x0</load_address>
         <run_address>0x0</run_address>
         <size>0x7cf</size>
         <input_file_ref idref="fl-2"/>
      </object_component>
      <object_component id="oc-14d">
         <name>.debug_info</name>
         <load_address>0x7cf</load_address>
         <run_address>0x7cf</run_address>
         <size>0x125</size>
         <input_file_ref idref="fl-2"/>
      </object_component>
      <object_component id="oc-c6">
         <name>.debug_info</name>
         <load_address>0x8f4</load_address>
         <run_address>0x8f4</run_address>
         <size>0x7c1</size>
         <input_file_ref idref="fl-2"/>
      </object_component>
      <object_component id="oc-d9">
         <name>.debug_info</name>
         <load_address>0x10b5</load_address>
         <run_address>0x10b5</run_address>
         <size>0x30c</size>
         <input_file_ref idref="fl-2"/>
      </object_component>
      <object_component id="oc-99">
         <name>.debug_info</name>
         <load_address>0x13c1</load_address>
         <run_address>0x13c1</run_address>
         <size>0x26b</size>
         <input_file_ref idref="fl-2"/>
      </object_component>
      <object_component id="oc-9e">
         <name>.debug_info</name>
         <load_address>0x162c</load_address>
         <run_address>0x162c</run_address>
         <size>0x3cd</size>
         <input_file_ref idref="fl-2"/>
      </object_component>
      <object_component id="oc-113">
         <name>.debug_info</name>
         <load_address>0x19f9</load_address>
         <run_address>0x19f9</run_address>
         <size>0x8b</size>
         <input_file_ref idref="fl-2"/>
      </object_component>
      <object_component id="oc-1d3">
         <name>.debug_info</name>
         <load_address>0x1a84</load_address>
         <run_address>0x1a84</run_address>
         <size>0x46</size>
         <input_file_ref idref="fl-2"/>
      </object_component>
      <object_component id="oc-151">
         <name>.debug_info</name>
         <load_address>0x1aca</load_address>
         <run_address>0x1aca</run_address>
         <size>0x46</size>
         <input_file_ref idref="fl-2"/>
      </object_component>
      <object_component id="oc-88">
         <name>.debug_info</name>
         <load_address>0x1b10</load_address>
         <run_address>0x1b10</run_address>
         <size>0x2c</size>
         <input_file_ref idref="fl-2"/>
      </object_component>
      <object_component id="oc-118">
         <name>.debug_info</name>
         <load_address>0x1b3c</load_address>
         <run_address>0x1b3c</run_address>
         <size>0x297</size>
         <input_file_ref idref="fl-2"/>
      </object_component>
      <object_component id="oc-204">
         <name>.debug_info</name>
         <load_address>0x1dd3</load_address>
         <run_address>0x1dd3</run_address>
         <size>0xef</size>
         <input_file_ref idref="fl-2"/>
      </object_component>
      <object_component id="oc-94">
         <name>.debug_info</name>
         <load_address>0x1ec2</load_address>
         <run_address>0x1ec2</run_address>
         <size>0xbb</size>
         <input_file_ref idref="fl-2"/>
      </object_component>
      <object_component id="oc-8d">
         <name>.debug_info</name>
         <load_address>0x1f7d</load_address>
         <run_address>0x1f7d</run_address>
         <size>0x53</size>
         <input_file_ref idref="fl-2"/>
      </object_component>
      <object_component id="oc-1eb">
         <name>.debug_info</name>
         <load_address>0x1fd0</load_address>
         <run_address>0x1fd0</run_address>
         <size>0x2c</size>
         <input_file_ref idref="fl-2"/>
      </object_component>
      <object_component id="oc-10c">
         <name>.debug_info</name>
         <load_address>0x1ffc</load_address>
         <run_address>0x1ffc</run_address>
         <size>0x14c</size>
         <input_file_ref idref="fl-2"/>
      </object_component>
      <object_component id="oc-37">
         <name>.debug_info</name>
         <load_address>0x2148</load_address>
         <run_address>0x2148</run_address>
         <size>0x3c0</size>
         <input_file_ref idref="fl-3"/>
      </object_component>
      <object_component id="oc-10">
         <name>.debug_info</name>
         <load_address>0x2508</load_address>
         <run_address>0x2508</run_address>
         <size>0xe9</size>
         <input_file_ref idref="fl-3"/>
      </object_component>
      <object_component id="oc-26">
         <name>.debug_info</name>
         <load_address>0x25f1</load_address>
         <run_address>0x25f1</run_address>
         <size>0x268</size>
         <input_file_ref idref="fl-3"/>
      </object_component>
      <object_component id="oc-3e">
         <name>.debug_info</name>
         <load_address>0x2859</load_address>
         <run_address>0x2859</run_address>
         <size>0x84</size>
         <input_file_ref idref="fl-3"/>
      </object_component>
      <object_component id="oc-243">
         <name>.debug_info</name>
         <load_address>0x28dd</load_address>
         <run_address>0x28dd</run_address>
         <size>0x5f5</size>
         <input_file_ref idref="fl-5"/>
      </object_component>
      <object_component id="oc-19b">
         <name>.debug_info</name>
         <load_address>0x2ed2</load_address>
         <run_address>0x2ed2</run_address>
         <size>0x110</size>
         <input_file_ref idref="fl-5"/>
      </object_component>
      <object_component id="oc-2ca">
         <name>.debug_info</name>
         <load_address>0x2fe2</load_address>
         <run_address>0x2fe2</run_address>
         <size>0x39</size>
         <input_file_ref idref="fl-5"/>
      </object_component>
      <object_component id="oc-2cf">
         <name>.debug_info</name>
         <load_address>0x301b</load_address>
         <run_address>0x301b</run_address>
         <size>0x76</size>
         <input_file_ref idref="fl-5"/>
      </object_component>
      <object_component id="oc-1af">
         <name>.debug_info</name>
         <load_address>0x3091</load_address>
         <run_address>0x3091</run_address>
         <size>0x345</size>
         <input_file_ref idref="fl-6"/>
      </object_component>
      <object_component id="oc-e8">
         <name>.debug_info</name>
         <load_address>0x33d6</load_address>
         <run_address>0x33d6</run_address>
         <size>0x4a4</size>
         <input_file_ref idref="fl-6"/>
      </object_component>
      <object_component id="oc-1f1">
         <name>.debug_info</name>
         <load_address>0x387a</load_address>
         <run_address>0x387a</run_address>
         <size>0x7f0</size>
         <input_file_ref idref="fl-7"/>
      </object_component>
      <object_component id="oc-135">
         <name>.debug_info</name>
         <load_address>0x406a</load_address>
         <run_address>0x406a</run_address>
         <size>0x2d3d</size>
         <input_file_ref idref="fl-7"/>
      </object_component>
      <object_component id="oc-272">
         <name>.debug_info</name>
         <load_address>0x6da7</load_address>
         <run_address>0x6da7</run_address>
         <size>0x1cd</size>
         <input_file_ref idref="fl-7"/>
      </object_component>
      <object_component id="oc-d8">
         <name>.debug_info</name>
         <load_address>0x6f74</load_address>
         <run_address>0x6f74</run_address>
         <size>0x751</size>
         <input_file_ref idref="fl-8"/>
      </object_component>
      <object_component id="oc-77">
         <name>.debug_info</name>
         <load_address>0x76c5</load_address>
         <run_address>0x76c5</run_address>
         <size>0x341</size>
         <input_file_ref idref="fl-8"/>
      </object_component>
      <object_component id="oc-ed">
         <name>.debug_info</name>
         <load_address>0x7a06</load_address>
         <run_address>0x7a06</run_address>
         <size>0xe8</size>
         <input_file_ref idref="fl-8"/>
      </object_component>
      <object_component id="oc-102">
         <name>.debug_info</name>
         <load_address>0x7aee</load_address>
         <run_address>0x7aee</run_address>
         <size>0xe8</size>
         <input_file_ref idref="fl-8"/>
      </object_component>
      <object_component id="oc-105">
         <name>.debug_info</name>
         <load_address>0x7bd6</load_address>
         <run_address>0x7bd6</run_address>
         <size>0xe8</size>
         <input_file_ref idref="fl-8"/>
      </object_component>
      <object_component id="oc-f3">
         <name>.debug_info</name>
         <load_address>0x7cbe</load_address>
         <run_address>0x7cbe</run_address>
         <size>0x12b</size>
         <input_file_ref idref="fl-8"/>
      </object_component>
      <object_component id="oc-ff">
         <name>.debug_info</name>
         <load_address>0x7de9</load_address>
         <run_address>0x7de9</run_address>
         <size>0xe8</size>
         <input_file_ref idref="fl-8"/>
      </object_component>
      <object_component id="oc-f0">
         <name>.debug_info</name>
         <load_address>0x7ed1</load_address>
         <run_address>0x7ed1</run_address>
         <size>0xf6</size>
         <input_file_ref idref="fl-8"/>
      </object_component>
      <object_component id="oc-f6">
         <name>.debug_info</name>
         <load_address>0x7fc7</load_address>
         <run_address>0x7fc7</run_address>
         <size>0xea</size>
         <input_file_ref idref="fl-8"/>
      </object_component>
      <object_component id="oc-7d">
         <name>.debug_info</name>
         <load_address>0x80b1</load_address>
         <run_address>0x80b1</run_address>
         <size>0x4673</size>
         <input_file_ref idref="fl-8"/>
      </object_component>
      <object_component id="oc-196">
         <name>.debug_info</name>
         <load_address>0xc724</load_address>
         <run_address>0xc724</run_address>
         <size>0x146</size>
         <input_file_ref idref="fl-8"/>
      </object_component>
      <object_component id="oc-1c5">
         <name>.debug_info</name>
         <load_address>0xc86a</load_address>
         <run_address>0xc86a</run_address>
         <size>0x825</size>
         <input_file_ref idref="fl-9"/>
      </object_component>
      <object_component id="oc-1bf">
         <name>.debug_info</name>
         <load_address>0xd08f</load_address>
         <run_address>0xd08f</run_address>
         <size>0xe8</size>
         <input_file_ref idref="fl-9"/>
      </object_component>
      <object_component id="oc-1c2">
         <name>.debug_info</name>
         <load_address>0xd177</load_address>
         <run_address>0xd177</run_address>
         <size>0xe8</size>
         <input_file_ref idref="fl-9"/>
      </object_component>
      <object_component id="oc-1bc">
         <name>.debug_info</name>
         <load_address>0xd25f</load_address>
         <run_address>0xd25f</run_address>
         <size>0x120</size>
         <input_file_ref idref="fl-9"/>
      </object_component>
      <object_component id="oc-1b9">
         <name>.debug_info</name>
         <load_address>0xd37f</load_address>
         <run_address>0xd37f</run_address>
         <size>0x10c</size>
         <input_file_ref idref="fl-9"/>
      </object_component>
      <object_component id="oc-fa">
         <name>.debug_info</name>
         <load_address>0xd48b</load_address>
         <run_address>0xd48b</run_address>
         <size>0x1ae7</size>
         <input_file_ref idref="fl-9"/>
      </object_component>
      <object_component id="oc-1c6">
         <name>.debug_info</name>
         <load_address>0xef72</load_address>
         <run_address>0xef72</run_address>
         <size>0x1ce</size>
         <input_file_ref idref="fl-9"/>
      </object_component>
      <object_component id="oc-87">
         <name>.debug_info</name>
         <load_address>0xf140</load_address>
         <run_address>0xf140</run_address>
         <size>0x3da</size>
         <input_file_ref idref="fl-a"/>
      </object_component>
      <object_component id="oc-7a">
         <name>.debug_info</name>
         <load_address>0xf51a</load_address>
         <run_address>0xf51a</run_address>
         <size>0x115</size>
         <input_file_ref idref="fl-a"/>
      </object_component>
      <object_component id="oc-84">
         <name>.debug_info</name>
         <load_address>0xf62f</load_address>
         <run_address>0xf62f</run_address>
         <size>0xfc</size>
         <input_file_ref idref="fl-a"/>
      </object_component>
      <object_component id="oc-31">
         <name>.debug_info</name>
         <load_address>0xf72b</load_address>
         <run_address>0xf72b</run_address>
         <size>0x6af</size>
         <input_file_ref idref="fl-a"/>
      </object_component>
      <object_component id="oc-2d">
         <name>.debug_info</name>
         <load_address>0xfdda</load_address>
         <run_address>0xfdda</run_address>
         <size>0x24d</size>
         <input_file_ref idref="fl-b"/>
      </object_component>
      <object_component id="oc-1ad">
         <name>.debug_info</name>
         <load_address>0x10027</load_address>
         <run_address>0x10027</run_address>
         <size>0x3e9</size>
         <input_file_ref idref="fl-c"/>
      </object_component>
      <object_component id="oc-1aa">
         <name>.debug_info</name>
         <load_address>0x10410</load_address>
         <run_address>0x10410</run_address>
         <size>0xe3</size>
         <input_file_ref idref="fl-c"/>
      </object_component>
      <object_component id="oc-1a4">
         <name>.debug_info</name>
         <load_address>0x104f3</load_address>
         <run_address>0x104f3</run_address>
         <size>0xe3</size>
         <input_file_ref idref="fl-c"/>
      </object_component>
      <object_component id="oc-1a7">
         <name>.debug_info</name>
         <load_address>0x105d6</load_address>
         <run_address>0x105d6</run_address>
         <size>0xdf</size>
         <input_file_ref idref="fl-c"/>
      </object_component>
      <object_component id="oc-1a1">
         <name>.debug_info</name>
         <load_address>0x106b5</load_address>
         <run_address>0x106b5</run_address>
         <size>0xfd</size>
         <input_file_ref idref="fl-c"/>
      </object_component>
      <object_component id="oc-e1">
         <name>.debug_info</name>
         <load_address>0x107b2</load_address>
         <run_address>0x107b2</run_address>
         <size>0x666</size>
         <input_file_ref idref="fl-c"/>
      </object_component>
      <object_component id="oc-248">
         <name>.debug_info</name>
         <load_address>0x10e18</load_address>
         <run_address>0x10e18</run_address>
         <size>0x62</size>
         <input_file_ref idref="fl-c"/>
      </object_component>
      <object_component id="oc-20e">
         <name>.debug_info</name>
         <load_address>0x10e7a</load_address>
         <run_address>0x10e7a</run_address>
         <size>0x335</size>
         <input_file_ref idref="fl-11"/>
      </object_component>
      <object_component id="oc-209">
         <name>.debug_info</name>
         <load_address>0x111af</load_address>
         <run_address>0x111af</run_address>
         <size>0x378</size>
         <input_file_ref idref="fl-1a"/>
      </object_component>
      <object_component id="oc-1f5">
         <name>.debug_info</name>
         <load_address>0x11527</load_address>
         <run_address>0x11527</run_address>
         <size>0xf9</size>
         <input_file_ref idref="fl-1a"/>
      </object_component>
      <object_component id="oc-1f8">
         <name>.debug_info</name>
         <load_address>0x11620</load_address>
         <run_address>0x11620</run_address>
         <size>0xfb</size>
         <input_file_ref idref="fl-1a"/>
      </object_component>
      <object_component id="oc-201">
         <name>.debug_info</name>
         <load_address>0x1171b</load_address>
         <run_address>0x1171b</run_address>
         <size>0xed</size>
         <input_file_ref idref="fl-1a"/>
      </object_component>
      <object_component id="oc-13b">
         <name>.debug_info</name>
         <load_address>0x11808</load_address>
         <run_address>0x11808</run_address>
         <size>0x385f</size>
         <input_file_ref idref="fl-1a"/>
      </object_component>
      <object_component id="oc-291">
         <name>.debug_info</name>
         <load_address>0x15067</load_address>
         <run_address>0x15067</run_address>
         <size>0x365</size>
         <input_file_ref idref="fl-1d"/>
      </object_component>
      <object_component id="oc-27f">
         <name>.debug_info</name>
         <load_address>0x153cc</load_address>
         <run_address>0x153cc</run_address>
         <size>0xe8</size>
         <input_file_ref idref="fl-1d"/>
      </object_component>
      <object_component id="oc-282">
         <name>.debug_info</name>
         <load_address>0x154b4</load_address>
         <run_address>0x154b4</run_address>
         <size>0xe0</size>
         <input_file_ref idref="fl-1d"/>
      </object_component>
      <object_component id="oc-285">
         <name>.debug_info</name>
         <load_address>0x15594</load_address>
         <run_address>0x15594</run_address>
         <size>0xe4</size>
         <input_file_ref idref="fl-1d"/>
      </object_component>
      <object_component id="oc-288">
         <name>.debug_info</name>
         <load_address>0x15678</load_address>
         <run_address>0x15678</run_address>
         <size>0xea</size>
         <input_file_ref idref="fl-1d"/>
      </object_component>
      <object_component id="oc-28b">
         <name>.debug_info</name>
         <load_address>0x15762</load_address>
         <run_address>0x15762</run_address>
         <size>0xe8</size>
         <input_file_ref idref="fl-1d"/>
      </object_component>
      <object_component id="oc-28e">
         <name>.debug_info</name>
         <load_address>0x1584a</load_address>
         <run_address>0x1584a</run_address>
         <size>0xec</size>
         <input_file_ref idref="fl-1d"/>
      </object_component>
      <object_component id="oc-27c">
         <name>.debug_info</name>
         <load_address>0x15936</load_address>
         <run_address>0x15936</run_address>
         <size>0xe9</size>
         <input_file_ref idref="fl-1d"/>
      </object_component>
      <object_component id="oc-1fc">
         <name>.debug_info</name>
         <load_address>0x15a1f</load_address>
         <run_address>0x15a1f</run_address>
         <size>0xda9</size>
         <input_file_ref idref="fl-1d"/>
      </object_component>
      <object_component id="oc-21e">
         <name>.debug_info</name>
         <load_address>0x167c8</load_address>
         <run_address>0x167c8</run_address>
         <size>0x3d6</size>
         <input_file_ref idref="fl-25"/>
      </object_component>
      <object_component id="oc-214">
         <name>.debug_info</name>
         <load_address>0x16b9e</load_address>
         <run_address>0x16b9e</run_address>
         <size>0xdf</size>
         <input_file_ref idref="fl-25"/>
      </object_component>
      <object_component id="oc-217">
         <name>.debug_info</name>
         <load_address>0x16c7d</load_address>
         <run_address>0x16c7d</run_address>
         <size>0xeb</size>
         <input_file_ref idref="fl-25"/>
      </object_component>
      <object_component id="oc-20b">
         <name>.debug_info</name>
         <load_address>0x16d68</load_address>
         <run_address>0x16d68</run_address>
         <size>0xe5</size>
         <input_file_ref idref="fl-25"/>
      </object_component>
      <object_component id="oc-21a">
         <name>.debug_info</name>
         <load_address>0x16e4d</load_address>
         <run_address>0x16e4d</run_address>
         <size>0xf2</size>
         <input_file_ref idref="fl-25"/>
      </object_component>
      <object_component id="oc-140">
         <name>.debug_info</name>
         <load_address>0x16f3f</load_address>
         <run_address>0x16f3f</run_address>
         <size>0x2c76</size>
         <input_file_ref idref="fl-25"/>
      </object_component>
      <object_component id="oc-2a1">
         <name>.debug_info</name>
         <load_address>0x19bb5</load_address>
         <run_address>0x19bb5</run_address>
         <size>0x51</size>
         <input_file_ref idref="fl-25"/>
      </object_component>
      <object_component id="oc-220">
         <name>.debug_info</name>
         <load_address>0x19c06</load_address>
         <run_address>0x19c06</run_address>
         <size>0x350</size>
         <input_file_ref idref="fl-2d"/>
      </object_component>
      <object_component id="oc-147">
         <name>.debug_info</name>
         <load_address>0x19f56</load_address>
         <run_address>0x19f56</run_address>
         <size>0x4fc</size>
         <input_file_ref idref="fl-2d"/>
      </object_component>
      <object_component id="oc-1ea">
         <name>.debug_info</name>
         <load_address>0x1a452</load_address>
         <run_address>0x1a452</run_address>
         <size>0x2c2</size>
         <input_file_ref idref="fl-2e"/>
      </object_component>
      <object_component id="oc-1dc">
         <name>.debug_info</name>
         <load_address>0x1a714</load_address>
         <run_address>0x1a714</run_address>
         <size>0xda</size>
         <input_file_ref idref="fl-2e"/>
      </object_component>
      <object_component id="oc-1e7">
         <name>.debug_info</name>
         <load_address>0x1a7ee</load_address>
         <run_address>0x1a7ee</run_address>
         <size>0xd4</size>
         <input_file_ref idref="fl-2e"/>
      </object_component>
      <object_component id="oc-1df">
         <name>.debug_info</name>
         <load_address>0x1a8c2</load_address>
         <run_address>0x1a8c2</run_address>
         <size>0xe2</size>
         <input_file_ref idref="fl-2e"/>
      </object_component>
      <object_component id="oc-1d9">
         <name>.debug_info</name>
         <load_address>0x1a9a4</load_address>
         <run_address>0x1a9a4</run_address>
         <size>0xe6</size>
         <input_file_ref idref="fl-2e"/>
      </object_component>
      <object_component id="oc-12e">
         <name>.debug_info</name>
         <load_address>0x1aa8a</load_address>
         <run_address>0x1aa8a</run_address>
         <size>0x7ba</size>
         <input_file_ref idref="fl-2e"/>
      </object_component>
      <object_component id="oc-1e2">
         <name>.debug_info</name>
         <load_address>0x1b244</load_address>
         <run_address>0x1b244</run_address>
         <size>0x13a</size>
         <input_file_ref idref="fl-e8"/>
      </object_component>
      <object_component id="oc-44">
         <name>.debug_info</name>
         <load_address>0x1b37e</load_address>
         <run_address>0x1b37e</run_address>
         <size>0x111</size>
         <input_file_ref idref="fl-e9"/>
      </object_component>
      <object_component id="oc-bb">
         <name>.debug_info</name>
         <load_address>0x1b48f</load_address>
         <run_address>0x1b48f</run_address>
         <size>0x13f</size>
         <input_file_ref idref="fl-ea"/>
      </object_component>
      <object_component id="oc-b7">
         <name>.debug_info</name>
         <load_address>0x1b5ce</load_address>
         <run_address>0x1b5ce</run_address>
         <size>0x313</size>
         <input_file_ref idref="fl-eb"/>
      </object_component>
      <object_component id="oc-56">
         <name>.debug_info</name>
         <load_address>0x1b8e1</load_address>
         <run_address>0x1b8e1</run_address>
         <size>0x1aa</size>
         <input_file_ref idref="fl-eb"/>
      </object_component>
      <object_component id="oc-b2">
         <name>.debug_info</name>
         <load_address>0x1ba8b</load_address>
         <run_address>0x1ba8b</run_address>
         <size>0x46</size>
         <input_file_ref idref="fl-eb"/>
      </object_component>
      <object_component id="oc-124">
         <name>.debug_info</name>
         <load_address>0x1bad1</load_address>
         <run_address>0x1bad1</run_address>
         <size>0x2c</size>
         <input_file_ref idref="fl-eb"/>
      </object_component>
      <object_component id="oc-4e">
         <name>.debug_info</name>
         <load_address>0x1bafd</load_address>
         <run_address>0x1bafd</run_address>
         <size>0x29d</size>
         <input_file_ref idref="fl-ec"/>
      </object_component>
      <object_component id="oc-19">
         <name>.debug_info</name>
         <load_address>0x1bd9a</load_address>
         <run_address>0x1bd9a</run_address>
         <size>0x1df</size>
         <input_file_ref idref="fl-ec"/>
      </object_component>
      <object_component id="oc-49">
         <name>.debug_info</name>
         <load_address>0x1bf79</load_address>
         <run_address>0x1bf79</run_address>
         <size>0x46</size>
         <input_file_ref idref="fl-ec"/>
      </object_component>
      <object_component id="oc-aa">
         <name>.debug_info</name>
         <load_address>0x1bfbf</load_address>
         <run_address>0x1bfbf</run_address>
         <size>0x2c</size>
         <input_file_ref idref="fl-ec"/>
      </object_component>
      <object_component id="oc-a8">
         <name>.debug_info</name>
         <load_address>0x1bfeb</load_address>
         <run_address>0x1bfeb</run_address>
         <size>0x293</size>
         <input_file_ref idref="fl-ed"/>
      </object_component>
      <object_component id="oc-14">
         <name>.debug_info</name>
         <load_address>0x1c27e</load_address>
         <run_address>0x1c27e</run_address>
         <size>0x245</size>
         <input_file_ref idref="fl-ed"/>
      </object_component>
      <object_component id="oc-39">
         <name>.debug_info</name>
         <load_address>0x1c4c3</load_address>
         <run_address>0x1c4c3</run_address>
         <size>0x60</size>
         <input_file_ref idref="fl-ed"/>
      </object_component>
      <object_component id="oc-11d">
         <name>.debug_info</name>
         <load_address>0x1c523</load_address>
         <run_address>0x1c523</run_address>
         <size>0x46</size>
         <input_file_ref idref="fl-ed"/>
      </object_component>
      <object_component id="oc-a3">
         <name>.debug_info</name>
         <load_address>0x1c569</load_address>
         <run_address>0x1c569</run_address>
         <size>0x39</size>
         <input_file_ref idref="fl-ed"/>
      </object_component>
      <object_component id="oc-22">
         <name>.debug_info</name>
         <load_address>0x1c5a2</load_address>
         <run_address>0x1c5a2</run_address>
         <size>0x100</size>
         <input_file_ref idref="fl-ee"/>
      </object_component>
      <object_component id="oc-62">
         <name>.debug_info</name>
         <load_address>0x1c6a2</load_address>
         <run_address>0x1c6a2</run_address>
         <size>0x1a4</size>
         <input_file_ref idref="fl-ee"/>
      </object_component>
      <object_component id="oc-159">
         <name>.debug_info</name>
         <load_address>0x1c846</load_address>
         <run_address>0x1c846</run_address>
         <size>0x117</size>
         <input_file_ref idref="fl-ef"/>
      </object_component>
      <object_component id="oc-268">
         <name>.debug_info</name>
         <load_address>0x1c95d</load_address>
         <run_address>0x1c95d</run_address>
         <size>0x10d</size>
         <input_file_ref idref="fl-f2"/>
      </object_component>
      <object_component id="oc-22e">
         <name>.debug_info</name>
         <load_address>0x1ca6a</load_address>
         <run_address>0x1ca6a</run_address>
         <size>0x547</size>
         <input_file_ref idref="fl-f3"/>
      </object_component>
      <object_component id="oc-163">
         <name>.debug_info</name>
         <load_address>0x1cfb1</load_address>
         <run_address>0x1cfb1</run_address>
         <size>0x19b</size>
         <input_file_ref idref="fl-f3"/>
      </object_component>
      <object_component id="oc-2b7">
         <name>.debug_info</name>
         <load_address>0x1d14c</load_address>
         <run_address>0x1d14c</run_address>
         <size>0x39</size>
         <input_file_ref idref="fl-f3"/>
      </object_component>
      <object_component id="oc-2e8">
         <name>.debug_info</name>
         <load_address>0x1d185</load_address>
         <run_address>0x1d185</run_address>
         <size>0x39</size>
         <input_file_ref idref="fl-f3"/>
      </object_component>
      <object_component id="oc-2bc">
         <name>.debug_info</name>
         <load_address>0x1d1be</load_address>
         <run_address>0x1d1be</run_address>
         <size>0x39</size>
         <input_file_ref idref="fl-f3"/>
      </object_component>
      <object_component id="oc-2c1">
         <name>.debug_info</name>
         <load_address>0x1d1f7</load_address>
         <run_address>0x1d1f7</run_address>
         <size>0xcd</size>
         <input_file_ref idref="fl-f3"/>
      </object_component>
      <object_component id="oc-bf">
         <name>.debug_info</name>
         <load_address>0x1d2c4</load_address>
         <run_address>0x1d2c4</run_address>
         <size>0x148</size>
         <input_file_ref idref="fl-f4"/>
      </object_component>
      <object_component id="oc-321">
         <name>.debug_info</name>
         <load_address>0x1d40c</load_address>
         <run_address>0x1d40c</run_address>
         <size>0x9e</size>
      </object_component>
      <object_component id="oc-1d2">
         <name>.debug_line</name>
         <load_address>0x0</load_address>
         <run_address>0x0</run_address>
         <size>0x15e</size>
         <input_file_ref idref="fl-2"/>
      </object_component>
      <object_component id="oc-222">
         <name>.debug_line</name>
         <load_address>0x15e</load_address>
         <run_address>0x15e</run_address>
         <size>0x2d</size>
         <input_file_ref idref="fl-2"/>
      </object_component>
      <object_component id="oc-c5">
         <name>.debug_line</name>
         <load_address>0x18b</load_address>
         <run_address>0x18b</run_address>
         <size>0x14d</size>
         <input_file_ref idref="fl-2"/>
      </object_component>
      <object_component id="oc-dc">
         <name>.debug_line</name>
         <load_address>0x2d8</load_address>
         <run_address>0x2d8</run_address>
         <size>0x65</size>
         <input_file_ref idref="fl-2"/>
      </object_component>
      <object_component id="oc-9c">
         <name>.debug_line</name>
         <load_address>0x33d</load_address>
         <run_address>0x33d</run_address>
         <size>0x69</size>
         <input_file_ref idref="fl-2"/>
      </object_component>
      <object_component id="oc-a1">
         <name>.debug_line</name>
         <load_address>0x3a6</load_address>
         <run_address>0x3a6</run_address>
         <size>0x69</size>
         <input_file_ref idref="fl-2"/>
      </object_component>
      <object_component id="oc-116">
         <name>.debug_line</name>
         <load_address>0x40f</load_address>
         <run_address>0x40f</run_address>
         <size>0x20</size>
         <input_file_ref idref="fl-2"/>
      </object_component>
      <object_component id="oc-1d6">
         <name>.debug_line</name>
         <load_address>0x42f</load_address>
         <run_address>0x42f</run_address>
         <size>0x66</size>
         <input_file_ref idref="fl-2"/>
      </object_component>
      <object_component id="oc-154">
         <name>.debug_line</name>
         <load_address>0x495</load_address>
         <run_address>0x495</run_address>
         <size>0x67</size>
         <input_file_ref idref="fl-2"/>
      </object_component>
      <object_component id="oc-8b">
         <name>.debug_line</name>
         <load_address>0x4fc</load_address>
         <run_address>0x4fc</run_address>
         <size>0x69</size>
         <input_file_ref idref="fl-2"/>
      </object_component>
      <object_component id="oc-11b">
         <name>.debug_line</name>
         <load_address>0x565</load_address>
         <run_address>0x565</run_address>
         <size>0x6d</size>
         <input_file_ref idref="fl-2"/>
      </object_component>
      <object_component id="oc-207">
         <name>.debug_line</name>
         <load_address>0x5d2</load_address>
         <run_address>0x5d2</run_address>
         <size>0x69</size>
         <input_file_ref idref="fl-2"/>
      </object_component>
      <object_component id="oc-97">
         <name>.debug_line</name>
         <load_address>0x63b</load_address>
         <run_address>0x63b</run_address>
         <size>0x6a</size>
         <input_file_ref idref="fl-2"/>
      </object_component>
      <object_component id="oc-90">
         <name>.debug_line</name>
         <load_address>0x6a5</load_address>
         <run_address>0x6a5</run_address>
         <size>0x78</size>
         <input_file_ref idref="fl-2"/>
      </object_component>
      <object_component id="oc-1ee">
         <name>.debug_line</name>
         <load_address>0x71d</load_address>
         <run_address>0x71d</run_address>
         <size>0x65</size>
         <input_file_ref idref="fl-2"/>
      </object_component>
      <object_component id="oc-10f">
         <name>.debug_line</name>
         <load_address>0x782</load_address>
         <run_address>0x782</run_address>
         <size>0x65</size>
         <input_file_ref idref="fl-2"/>
      </object_component>
      <object_component id="oc-93">
         <name>.debug_line</name>
         <load_address>0x7e7</load_address>
         <run_address>0x7e7</run_address>
         <size>0x42</size>
         <input_file_ref idref="fl-3"/>
      </object_component>
      <object_component id="oc-36">
         <name>.debug_line</name>
         <load_address>0x829</load_address>
         <run_address>0x829</run_address>
         <size>0x42</size>
         <input_file_ref idref="fl-3"/>
      </object_component>
      <object_component id="oc-25">
         <name>.debug_line</name>
         <load_address>0x86b</load_address>
         <run_address>0x86b</run_address>
         <size>0xa2</size>
         <input_file_ref idref="fl-3"/>
      </object_component>
      <object_component id="oc-41">
         <name>.debug_line</name>
         <load_address>0x90d</load_address>
         <run_address>0x90d</run_address>
         <size>0x20</size>
         <input_file_ref idref="fl-3"/>
      </object_component>
      <object_component id="oc-2c9">
         <name>.debug_line</name>
         <load_address>0x92d</load_address>
         <run_address>0x92d</run_address>
         <size>0x14b</size>
         <input_file_ref idref="fl-5"/>
      </object_component>
      <object_component id="oc-19e">
         <name>.debug_line</name>
         <load_address>0xa78</load_address>
         <run_address>0xa78</run_address>
         <size>0x65</size>
         <input_file_ref idref="fl-5"/>
      </object_component>
      <object_component id="oc-2cd">
         <name>.debug_line</name>
         <load_address>0xadd</load_address>
         <run_address>0xadd</run_address>
         <size>0x6d</size>
         <input_file_ref idref="fl-5"/>
      </object_component>
      <object_component id="oc-2d2">
         <name>.debug_line</name>
         <load_address>0xb4a</load_address>
         <run_address>0xb4a</run_address>
         <size>0x3e</size>
         <input_file_ref idref="fl-5"/>
      </object_component>
      <object_component id="oc-254">
         <name>.debug_line</name>
         <load_address>0xb88</load_address>
         <run_address>0xb88</run_address>
         <size>0x20</size>
         <input_file_ref idref="fl-6"/>
      </object_component>
      <object_component id="oc-e7">
         <name>.debug_line</name>
         <load_address>0xba8</load_address>
         <run_address>0xba8</run_address>
         <size>0xee</size>
         <input_file_ref idref="fl-6"/>
      </object_component>
      <object_component id="oc-271">
         <name>.debug_line</name>
         <load_address>0xc96</load_address>
         <run_address>0xc96</run_address>
         <size>0x162</size>
         <input_file_ref idref="fl-7"/>
      </object_component>
      <object_component id="oc-138">
         <name>.debug_line</name>
         <load_address>0xdf8</load_address>
         <run_address>0xdf8</run_address>
         <size>0x7ce</size>
         <input_file_ref idref="fl-7"/>
      </object_component>
      <object_component id="oc-275">
         <name>.debug_line</name>
         <load_address>0x15c6</load_address>
         <run_address>0x15c6</run_address>
         <size>0x37</size>
         <input_file_ref idref="fl-7"/>
      </object_component>
      <object_component id="oc-195">
         <name>.debug_line</name>
         <load_address>0x15fd</load_address>
         <run_address>0x15fd</run_address>
         <size>0x192</size>
         <input_file_ref idref="fl-8"/>
      </object_component>
      <object_component id="oc-d7">
         <name>.debug_line</name>
         <load_address>0x178f</load_address>
         <run_address>0x178f</run_address>
         <size>0x37</size>
         <input_file_ref idref="fl-8"/>
      </object_component>
      <object_component id="oc-1b1">
         <name>.debug_line</name>
         <load_address>0x17c6</load_address>
         <run_address>0x17c6</run_address>
         <size>0x37</size>
         <input_file_ref idref="fl-8"/>
      </object_component>
      <object_component id="oc-1ce">
         <name>.debug_line</name>
         <load_address>0x17fd</load_address>
         <run_address>0x17fd</run_address>
         <size>0x37</size>
         <input_file_ref idref="fl-8"/>
      </object_component>
      <object_component id="oc-1d0">
         <name>.debug_line</name>
         <load_address>0x1834</load_address>
         <run_address>0x1834</run_address>
         <size>0x37</size>
         <input_file_ref idref="fl-8"/>
      </object_component>
      <object_component id="oc-1b5">
         <name>.debug_line</name>
         <load_address>0x186b</load_address>
         <run_address>0x186b</run_address>
         <size>0x37</size>
         <input_file_ref idref="fl-8"/>
      </object_component>
      <object_component id="oc-1cc">
         <name>.debug_line</name>
         <load_address>0x18a2</load_address>
         <run_address>0x18a2</run_address>
         <size>0x37</size>
         <input_file_ref idref="fl-8"/>
      </object_component>
      <object_component id="oc-1b3">
         <name>.debug_line</name>
         <load_address>0x18d9</load_address>
         <run_address>0x18d9</run_address>
         <size>0x37</size>
         <input_file_ref idref="fl-8"/>
      </object_component>
      <object_component id="oc-1b7">
         <name>.debug_line</name>
         <load_address>0x1910</load_address>
         <run_address>0x1910</run_address>
         <size>0x37</size>
         <input_file_ref idref="fl-8"/>
      </object_component>
      <object_component id="oc-81">
         <name>.debug_line</name>
         <load_address>0x1947</load_address>
         <run_address>0x1947</run_address>
         <size>0xc79</size>
         <input_file_ref idref="fl-8"/>
      </object_component>
      <object_component id="oc-199">
         <name>.debug_line</name>
         <load_address>0x25c0</load_address>
         <run_address>0x25c0</run_address>
         <size>0x37</size>
         <input_file_ref idref="fl-8"/>
      </object_component>
      <object_component id="oc-25e">
         <name>.debug_line</name>
         <load_address>0x25f7</load_address>
         <run_address>0x25f7</run_address>
         <size>0x191</size>
         <input_file_ref idref="fl-9"/>
      </object_component>
      <object_component id="oc-25a">
         <name>.debug_line</name>
         <load_address>0x2788</load_address>
         <run_address>0x2788</run_address>
         <size>0x38</size>
         <input_file_ref idref="fl-9"/>
      </object_component>
      <object_component id="oc-25c">
         <name>.debug_line</name>
         <load_address>0x27c0</load_address>
         <run_address>0x27c0</run_address>
         <size>0x38</size>
         <input_file_ref idref="fl-9"/>
      </object_component>
      <object_component id="oc-258">
         <name>.debug_line</name>
         <load_address>0x27f8</load_address>
         <run_address>0x27f8</run_address>
         <size>0x38</size>
         <input_file_ref idref="fl-9"/>
      </object_component>
      <object_component id="oc-256">
         <name>.debug_line</name>
         <load_address>0x2830</load_address>
         <run_address>0x2830</run_address>
         <size>0x38</size>
         <input_file_ref idref="fl-9"/>
      </object_component>
      <object_component id="oc-f9">
         <name>.debug_line</name>
         <load_address>0x2868</load_address>
         <run_address>0x2868</run_address>
         <size>0x410</size>
         <input_file_ref idref="fl-9"/>
      </object_component>
      <object_component id="oc-1c9">
         <name>.debug_line</name>
         <load_address>0x2c78</load_address>
         <run_address>0x2c78</run_address>
         <size>0x38</size>
         <input_file_ref idref="fl-9"/>
      </object_component>
      <object_component id="oc-10b">
         <name>.debug_line</name>
         <load_address>0x2cb0</load_address>
         <run_address>0x2cb0</run_address>
         <size>0x91</size>
         <input_file_ref idref="fl-a"/>
      </object_component>
      <object_component id="oc-df">
         <name>.debug_line</name>
         <load_address>0x2d41</load_address>
         <run_address>0x2d41</run_address>
         <size>0x4c</size>
         <input_file_ref idref="fl-a"/>
      </object_component>
      <object_component id="oc-109">
         <name>.debug_line</name>
         <load_address>0x2d8d</load_address>
         <run_address>0x2d8d</run_address>
         <size>0x4c</size>
         <input_file_ref idref="fl-a"/>
      </object_component>
      <object_component id="oc-30">
         <name>.debug_line</name>
         <load_address>0x2dd9</load_address>
         <run_address>0x2dd9</run_address>
         <size>0x145</size>
         <input_file_ref idref="fl-a"/>
      </object_component>
      <object_component id="oc-2b">
         <name>.debug_line</name>
         <load_address>0x2f1e</load_address>
         <run_address>0x2f1e</run_address>
         <size>0xe8</size>
         <input_file_ref idref="fl-b"/>
      </object_component>
      <object_component id="oc-252">
         <name>.debug_line</name>
         <load_address>0x3006</load_address>
         <run_address>0x3006</run_address>
         <size>0x65</size>
         <input_file_ref idref="fl-c"/>
      </object_component>
      <object_component id="oc-250">
         <name>.debug_line</name>
         <load_address>0x306b</load_address>
         <run_address>0x306b</run_address>
         <size>0x49</size>
         <input_file_ref idref="fl-c"/>
      </object_component>
      <object_component id="oc-247">
         <name>.debug_line</name>
         <load_address>0x30b4</load_address>
         <run_address>0x30b4</run_address>
         <size>0x49</size>
         <input_file_ref idref="fl-c"/>
      </object_component>
      <object_component id="oc-24e">
         <name>.debug_line</name>
         <load_address>0x30fd</load_address>
         <run_address>0x30fd</run_address>
         <size>0x49</size>
         <input_file_ref idref="fl-c"/>
      </object_component>
      <object_component id="oc-245">
         <name>.debug_line</name>
         <load_address>0x3146</load_address>
         <run_address>0x3146</run_address>
         <size>0x49</size>
         <input_file_ref idref="fl-c"/>
      </object_component>
      <object_component id="oc-e4">
         <name>.debug_line</name>
         <load_address>0x318f</load_address>
         <run_address>0x318f</run_address>
         <size>0x11c</size>
         <input_file_ref idref="fl-c"/>
      </object_component>
      <object_component id="oc-24b">
         <name>.debug_line</name>
         <load_address>0x32ab</load_address>
         <run_address>0x32ab</run_address>
         <size>0x49</size>
         <input_file_ref idref="fl-c"/>
      </object_component>
      <object_component id="oc-212">
         <name>.debug_line</name>
         <load_address>0x32f4</load_address>
         <run_address>0x32f4</run_address>
         <size>0xd9</size>
         <input_file_ref idref="fl-11"/>
      </object_component>
      <object_component id="oc-295">
         <name>.debug_line</name>
         <load_address>0x33cd</load_address>
         <run_address>0x33cd</run_address>
         <size>0xa2</size>
         <input_file_ref idref="fl-1a"/>
      </object_component>
      <object_component id="oc-278">
         <name>.debug_line</name>
         <load_address>0x346f</load_address>
         <run_address>0x346f</run_address>
         <size>0x37</size>
         <input_file_ref idref="fl-1a"/>
      </object_component>
      <object_component id="oc-27a">
         <name>.debug_line</name>
         <load_address>0x34a6</load_address>
         <run_address>0x34a6</run_address>
         <size>0x37</size>
         <input_file_ref idref="fl-1a"/>
      </object_component>
      <object_component id="oc-293">
         <name>.debug_line</name>
         <load_address>0x34dd</load_address>
         <run_address>0x34dd</run_address>
         <size>0x37</size>
         <input_file_ref idref="fl-1a"/>
      </object_component>
      <object_component id="oc-13e">
         <name>.debug_line</name>
         <load_address>0x3514</load_address>
         <run_address>0x3514</run_address>
         <size>0x68f</size>
         <input_file_ref idref="fl-1a"/>
      </object_component>
      <object_component id="oc-2e4">
         <name>.debug_line</name>
         <load_address>0x3ba3</load_address>
         <run_address>0x3ba3</run_address>
         <size>0x9c</size>
         <input_file_ref idref="fl-1d"/>
      </object_component>
      <object_component id="oc-2d8">
         <name>.debug_line</name>
         <load_address>0x3c3f</load_address>
         <run_address>0x3c3f</run_address>
[...]
         <value>0x4015</value>
         <object_component_ref idref="oc-139"/>
      </symbol>
      <symbol id="sm-649">
         <name>GPIOPinTypeEthernetMII</name>
         <value>0x3a99</value>
         <object_component_ref idref="oc-139"/>
      </symbol>
      <symbol id="sm-64a">
         <name>GPIOPinWrite</name>
         <value>0x395d</value>
         <object_component_ref idref="oc-139"/>
      </symbol>
      <symbol id="sm-64b">
         <name>GPIOPadConfigSet</name>
         <value>0x33e7</value>
         <object_component_ref idref="oc-139"/>
      </symbol>
      <symbol id="sm-64c">
         <name>GPIOPinTypeLCD</name>
         <value>0x3bdd</value>
         <object_component_ref idref="oc-139"/>
      </symbol>
      <symbol id="sm-64d">
         <name>GPIOPinTypeSSI</name>
         <value>0x3d25</value>
         <object_component_ref idref="oc-139"/>
      </symbol>
      <symbol id="sm-64e">
         <name>GPIOPinTypeTimer</name>
         <value>0x3d5b</value>
         <object_component_ref idref="oc-139"/>
      </symbol>
      <symbol id="sm-64f">
         <name>GPIOPinTypeCAN</name>
         <value>0x39c1</value>
         <object_component_ref idref="oc-139"/>
      </symbol>
      <symbol id="sm-650">
         <name>GPIOPinTypePECITx</name>
         <value>0x3c83</value>
         <object_component_ref idref="oc-139"/>
      </symbol>
      <symbol id="sm-651">
         <name>GPIOPinTypePECIRx</name>
         <value>0x3c4d</value>
         <object_component_ref idref="oc-139"/>
      </symbol>
      <symbol id="sm-652">
         <name>GPIOPinTypeEPI</name>
         <value>0x3a2d</value>
         <object_component_ref idref="oc-139"/>
      </symbol>
      <symbol id="sm-653">
         <name>GPIOPinTypeEthernetLED</name>
         <value>0x3a63</value>
         <object_component_ref idref="oc-139"/>
      </symbol>
      <symbol id="sm-654">
         <name>GPIOPinWakeStatus</name>
         <value>0x3f7f</value>
         <object_component_ref idref="oc-139"/>
      </symbol>
      <symbol id="sm-6e7">
         <name>IntPendClear</name>
         <value>0x5a5d</value>
         <object_component_ref idref="oc-1fa"/>
      </symbol>
      <symbol id="sm-6e8">
         <name>IntPriorityGroupingGet</name>
         <value>0x5763</value>
         <object_component_ref idref="oc-1fa"/>
      </symbol>
      <symbol id="sm-6e9">
         <name>IntPrioritySet</name>
         <value>0x579b</value>
         <object_component_ref idref="oc-1fa"/>
      </symbol>
      <symbol id="sm-6ea">
         <name>IntIsEnabled</name>
         <value>0x5939</value>
         <object_component_ref idref="oc-1fa"/>
      </symbol>
      <symbol id="sm-6eb">
         <name>IntEnable</name>
         <value>0x5833</value>
         <object_component_ref idref="oc-1fa"/>
      </symbol>
      <symbol id="sm-6ec">
         <name>IntTrigger</name>
         <value>0x5acb</value>
         <object_component_ref idref="oc-1fa"/>
      </symbol>
      <symbol id="sm-6ed">
         <name>IntPriorityMaskSet</name>
         <value>0x5ab7</value>
         <object_component_ref idref="oc-1fa"/>
      </symbol>
      <symbol id="sm-6ee">
         <name>IntPriorityGroupingSet</name>
         <value>0x573d</value>
         <object_component_ref idref="oc-1fa"/>
      </symbol>
      <symbol id="sm-6ef">
         <name>IntDisable</name>
         <value>0x58b1</value>
         <object_component_ref idref="oc-1fa"/>
      </symbol>
      <symbol id="sm-6f0">
         <name>IntRegister</name>
         <value>0x56a7</value>
         <object_component_ref idref="oc-1fa"/>
      </symbol>
      <symbol id="sm-6f1">
         <name>IntPriorityGet</name>
         <value>0x57fd</value>
         <object_component_ref idref="oc-1fa"/>
      </symbol>
      <symbol id="sm-6f2">
         <name>IntMasterDisable</name>
         <value>0x5697</value>
         <object_component_ref idref="oc-1fa"/>
      </symbol>
      <symbol id="sm-6f3">
         <name>IntUnregister</name>
         <value>0x571d</value>
         <object_component_ref idref="oc-1fa"/>
      </symbol>
      <symbol id="sm-6f4">
         <name>IntPriorityMaskGet</name>
         <value>0x5ac3</value>
         <object_component_ref idref="oc-1fa"/>
      </symbol>
      <symbol id="sm-6f5">
         <name>g_pfnRAMVectors</name>
         <value>0x20000000</value>
         <object_component_ref idref="oc-27b"/>
      </symbol>
      <symbol id="sm-6f6">
         <name>IntMasterEnable</name>
         <value>0x5687</value>
         <object_component_ref idref="oc-1fa"/>
      </symbol>
      <symbol id="sm-6f7">
         <name>IntPendSet</name>
         <value>0x59ed</value>
         <object_component_ref idref="oc-1fa"/>
      </symbol>
      <symbol id="sm-8b5">
         <name>SysCtlGPIOAHBEnable</name>
         <value>0x2da1</value>
         <object_component_ref idref="oc-13f"/>
      </symbol>
      <symbol id="sm-8b6">
         <name>SysCtlIntRegister</name>
         <value>0x2301</value>
         <object_component_ref idref="oc-13f"/>
      </symbol>
      <symbol id="sm-8b7">
         <name>SysCtlFlashSizeGet</name>
         <value>0x1d3d</value>
         <object_component_ref idref="oc-13f"/>
      </symbol>
      <symbol id="sm-8b8">
         <name>SysCtlPeripheralDeepSleepEnable</name>
         <value>0x2211</value>
         <object_component_ref idref="oc-13f"/>
      </symbol>
      <symbol id="sm-8b9">
         <name>SysCtlLDODeepSleepGet</name>
         <value>0x2423</value>
         <object_component_ref idref="oc-13f"/>
      </symbol>
      <symbol id="sm-8ba">
         <name>SysCtlFlashSectorSizeGet</name>
         <value>0x1d69</value>
         <object_component_ref idref="oc-13f"/>
      </symbol>
      <symbol id="sm-8bb">
         <name>SysCtlIntDisable</name>
         <value>0x2339</value>
         <object_component_ref idref="oc-13f"/>
      </symbol>
      <symbol id="sm-8bc">
         <name>SysCtlResetBehaviorGet</name>
         <value>0x2509</value>
         <object_component_ref idref="oc-13f"/>
      </symbol>
      <symbol id="sm-8bd">
         <name>SysCtlPeripheralPresent</name>
         <value>0x1dc9</value>
         <object_component_ref idref="oc-13f"/>
      </symbol>
      <symbol id="sm-8be">
         <name>SysCtlDeepSleepClockSet</name>
         <value>0x2c39</value>
         <object_component_ref idref="oc-13f"/>
      </symbol>
      <symbol id="sm-8bf">
         <name>SysCtlClockSet</name>
         <value>0x28a5</value>
         <object_component_ref idref="oc-13f"/>
      </symbol>
      <symbol id="sm-8c0">
         <name>SysCtlAltClkConfig</name>
         <value>0x2f2d</value>
         <object_component_ref idref="oc-13f"/>
      </symbol>
      <symbol id="sm-8c1">
         <name>SysCtlPeripheralClockGating</name>
         <value>0x22ad</value>
         <object_component_ref idref="oc-13f"/>
      </symbol>
      <symbol id="sm-8c2">
         <name>SysCtlIntStatus</name>
         <value>0x2361</value>
         <object_component_ref idref="oc-13f"/>
      </symbol>
      <symbol id="sm-8c3">
         <name>SysCtlIntClear</name>
         <value>0x2351</value>
         <object_component_ref idref="oc-13f"/>
      </symbol>
      <symbol id="sm-8c4">
         <name>SysCtlVoltageEventStatus</name>
         <value>0x2ebb</value>
         <object_component_ref idref="oc-13f"/>
      </symbol>
      <symbol id="sm-8c5">
         <name>SysCtlVoltageEventConfig</name>
         <value>0x2eab</value>
         <object_component_ref idref="oc-13f"/>
      </symbol>
      <symbol id="sm-8c6">
         <name>SysCtlResetCauseGet</name>
         <value>0x2479</value>
         <object_component_ref idref="oc-13f"/>
      </symbol>
      <symbol id="sm-8c7">
         <name>SysCtlSleep</name>
         <value>0x2455</value>
         <object_component_ref idref="oc-13f"/>
      </symbol>
      <symbol id="sm-8c8">
         <name>SysCtlPWMClockGet</name>
         <value>0x2d6d</value>
         <object_component_ref idref="oc-13f"/>
      </symbol>
      <symbol id="sm-8c9">
         <name>SysCtlDeepSleepPowerSet</name>
         <value>0x243d</value>
         <object_component_ref idref="oc-13f"/>
      </symbol>
      <symbol id="sm-8ca">
         <name>SysCtlClockOutConfig</name>
         <value>0x2ef5</value>
         <object_component_ref idref="oc-13f"/>
      </symbol>
      <symbol id="sm-8cb">
         <name>SysCtlNMIStatus</name>
         <value>0x2ed5</value>
         <object_component_ref idref="oc-13f"/>
      </symbol>
      <symbol id="sm-8cc">
         <name>SysCtlDeepSleepClockConfigSet</name>
         <value>0x2c55</value>
         <object_component_ref idref="oc-13f"/>
      </symbol>
      <symbol id="sm-8cd">
         <name>SysCtlDelay</name>
         <value>0x68bb</value>
         <object_component_ref idref="oc-21c"/>
      </symbol>
      <symbol id="sm-8ce">
         <name>SysCtlVoltageEventClear</name>
         <value>0x2ec1</value>
         <object_component_ref idref="oc-13f"/>
      </symbol>
      <symbol id="sm-8cf">
         <name>SysCtlLDOSleepSet</name>
         <value>0x237d</value>
         <object_component_ref idref="oc-13f"/>
      </symbol>
      <symbol id="sm-8d0">
         <name>SysCtlMOSCConfigSet</name>
         <value>0x2499</value>
         <object_component_ref idref="oc-13f"/>
      </symbol>
      <symbol id="sm-8d1">
         <name>SysCtlPeripheralEnable</name>
         <value>0x20b1</value>
         <object_component_ref idref="oc-13f"/>
      </symbol>
      <symbol id="sm-8d2">
         <name>SysCtlIntEnable</name>
         <value>0x2325</value>
         <object_component_ref idref="oc-13f"/>
      </symbol>
      <symbol id="sm-8d3">
         <name>SysCtlNMIClear</name>
         <value>0x2edb</value>
         <object_component_ref idref="oc-13f"/>
      </symbol>
      <symbol id="sm-8d4">
         <name>SysCtlPeripheralPowerOff</name>
         <value>0x1f61</value>
         <object_component_ref idref="oc-13f"/>
      </symbol>
      <symbol id="sm-8d5">
         <name>SysCtlSleepPowerSet</name>
         <value>0x242d</value>
         <object_component_ref idref="oc-13f"/>
      </symbol>
      <symbol id="sm-8d6">
         <name>SysCtlDeepSleep</name>
         <value>0x245d</value>
         <object_component_ref idref="oc-13f"/>
      </symbol>
      <symbol id="sm-8d7">
         <name>SysCtlLDODeepSleepSet</name>
         <value>0x23d5</value>
         <object_component_ref idref="oc-13f"/>
      </symbol>
      <symbol id="sm-8d8">
         <name>SysCtlPeripheralPowerOn</name>
         <value>0x1edd</value>
         <object_component_ref idref="oc-13f"/>
      </symbol>
      <symbol id="sm-8d9">
         <name>SysCtlPeripheralDeepSleepDisable</name>
         <value>0x225f</value>
         <object_component_ref idref="oc-13f"/>
      </symbol>
      <symbol id="sm-8da">
         <name>SysCtlPeripheralSleepDisable</name>
         <value>0x21bd</value>
         <object_component_ref idref="oc-13f"/>
      </symbol>
      <symbol id="sm-8db">
         <name>SysCtlResetBehaviorSet</name>
         <value>0x24f9</value>
         <object_component_ref idref="oc-13f"/>
      </symbol>
      <symbol id="sm-8dc">
         <name>SysCtlReset</name>
         <value>0x244d</value>
         <object_component_ref idref="oc-13f"/>
      </symbol>
      <symbol id="sm-8dd">
         <name>SysCtlGPIOAHBDisable</name>
         <value>0x2e29</value>
         <object_component_ref idref="oc-13f"/>
      </symbol>
      <symbol id="sm-8de">
         <name>SysCtlSRAMSizeGet</name>
         <value>0x1d33</value>
         <object_component_ref idref="oc-13f"/>
      </symbol>
      <symbol id="sm-8df">
         <name>SysCtlClockGet</name>
         <value>0x2a71</value>
         <object_component_ref idref="oc-13f"/>
      </symbol>
      <symbol id="sm-8e0">
         <name>SysCtlPeripheralDisable</name>
         <value>0x211d</value>
         <object_component_ref idref="oc-13f"/>
      </symbol>
      <symbol id="sm-8e1">
         <name>SysCtlPWMClockSet</name>
         <value>0x2d01</value>
         <object_component_ref idref="oc-13f"/>
      </symbol>
      <symbol id="sm-8e2">
         <name>SysCtlUSBPLLEnable</name>
         <value>0x2e93</value>
         <object_component_ref idref="oc-13f"/>
      </symbol>
      <symbol id="sm-8e3">
         <name>SysCtlPeripheralSleepEnable</name>
         <value>0x216b</value>
         <object_component_ref idref="oc-13f"/>
      </symbol>
      <symbol id="sm-8e4">
         <name>SysCtlIntUnregister</name>
         <value>0x2315</value>
         <object_component_ref idref="oc-13f"/>
      </symbol>
      <symbol id="sm-8e5">
         <name>SysCtlUSBPLLDisable</name>
         <value>0x2e9f</value>
         <object_component_ref idref="oc-13f"/>
      </symbol>
      <symbol id="sm-8e6">
         <name>SysCtlPeripheralReady</name>
         <value>0x1e55</value>
         <object_component_ref idref="oc-13f"/>
      </symbol>
      <symbol id="sm-8e7">
         <name>SysCtlPIOSCCalibrate</name>
         <value>0x24a9</value>
         <object_component_ref idref="oc-13f"/>
      </symbol>
      <symbol id="sm-8e8">
         <name>SysCtlResetCauseClear</name>
         <value>0x2485</value>
         <object_component_ref idref="oc-13f"/>
      </symbol>
      <symbol id="sm-8e9">
         <name>SysCtlLDOSleepGet</name>
         <value>0x23cb</value>
         <object_component_ref idref="oc-13f"/>
      </symbol>
      <symbol id="sm-8ea">
         <name>SysCtlClockFreqSet</name>
         <value>0x2575</value>
         <object_component_ref idref="oc-13f"/>
      </symbol>
      <symbol id="sm-8eb">
         <name>SysCtlPeripheralReset</name>
         <value>0x200d</value>
         <object_component_ref idref="oc-13f"/>
      </symbol>
      <symbol id="sm-92b">
         <name>LEDWrite</name>
         <value>0x5ce7</value>
         <object_component_ref idref="oc-145"/>
      </symbol>
      <symbol id="sm-92c">
         <name>LEDRead</name>
         <value>0x5d77</value>
         <object_component_ref idref="oc-145"/>
      </symbol>
      <symbol id="sm-92d">
         <name>PinoutSet</name>
         <value>0x5b15</value>
         <object_component_ref idref="oc-145"/>
      </symbol>
      <symbol id="sm-9a7">
         <name>UARTgetc</name>
         <value>0x52f5</value>
         <object_component_ref idref="oc-12d"/>
      </symbol>
      <symbol id="sm-9a8">
         <name>UARTgets</name>
         <value>0x5203</value>
         <object_component_ref idref="oc-12d"/>
      </symbol>
      <symbol id="sm-9a9">
         <name>UARTStdioConfig</name>
         <value>0x5119</value>
         <object_component_ref idref="oc-12d"/>
      </symbol>
      <symbol id="sm-9aa">
         <name>UARTwrite</name>
         <value>0x5193</value>
         <object_component_ref idref="oc-12d"/>
      </symbol>
      <symbol id="sm-9ab">
         <name>UARTprintf</name>
         <value>0x564f</value>
         <object_component_ref idref="oc-12d"/>
      </symbol>
      <symbol id="sm-9ac">
         <name>UARTvprintf</name>
         <value>0x5329</value>
         <object_component_ref idref="oc-12d"/>
      </symbol>
      <symbol id="sm-9bb">
         <name>__aeabi_uidivmod</name>
         <value>0x67dd</value>
         <object_component_ref idref="oc-1e1"/>
      </symbol>
      <symbol id="sm-9bc">
         <name>__aeabi_uidiv</name>
         <value>0x67dd</value>
         <object_component_ref idref="oc-1e1"/>
      </symbol>
      <symbol id="sm-9d7">
         <name>memcpy</name>
         <value>0x661b</value>
         <object_component_ref idref="oc-43"/>
      </symbol>
      <symbol id="sm-9d8">
         <name>__aeabi_memcpy</name>
         <value>0x661b</value>
         <object_component_ref idref="oc-43"/>
      </symbol>
      <symbol id="sm-9d9">
         <name>__aeabi_memcpy8</name>
         <value>0x661b</value>
         <object_component_ref idref="oc-43"/>
      </symbol>
      <symbol id="sm-9da">
         <name>__aeabi_memcpy4</name>
         <value>0x661b</value>
         <object_component_ref idref="oc-43"/>
      </symbol>
      <symbol id="sm-9e9">
         <name>__aeabi_memset</name>
         <value>0x66b9</value>
         <object_component_ref idref="oc-b8"/>
      </symbol>
      <symbol id="sm-9ea">
         <name>memset</name>
         <value>0x66bf</value>
         <object_component_ref idref="oc-b8"/>
      </symbol>
      <symbol id="sm-9eb">
         <name>__aeabi_memset8</name>
         <value>0x66b9</value>
         <object_component_ref idref="oc-b8"/>
      </symbol>
      <symbol id="sm-9ec">
         <name>__aeabi_memset4</name>
         <value>0x66b9</value>
         <object_component_ref idref="oc-b8"/>
      </symbol>
      <symbol id="sm-9ed">
         <name>__aeabi_memclr8</name>
         <value>0x66b7</value>
         <object_component_ref idref="oc-b8"/>
      </symbol>
      <symbol id="sm-9ee">
         <name>__aeabi_memclr4</name>
         <value>0x66b7</value>
         <object_component_ref idref="oc-b8"/>
      </symbol>
      <symbol id="sm-9ef">
         <name>__aeabi_memclr</name>
         <value>0x66b7</value>
         <object_component_ref idref="oc-b8"/>
      </symbol>
      <symbol id="sm-a06">
         <name>__TI_zero_init</name>
         <value>0x68a3</value>
         <object_component_ref idref="oc-55"/>
      </symbol>
      <symbol id="sm-a1d">
         <name>__TI_decompress_none</name>
         <value>0x6895</value>
         <object_component_ref idref="oc-18"/>
      </symbol>
      <symbol id="sm-a40">
         <name>__TI_decompress_lzss</name>
         <value>0x6731</value>
         <object_component_ref idref="oc-12"/>
      </symbol>
      <symbol id="sm-a53">
         <name>__stack</name>
         <value>0x2000c718</value>
         <object_component_ref idref="oc-21"/>
      </symbol>
      <symbol id="sm-a54">
         <name>_c_int00_noargs</name>
         <value>0x685d</value>
         <object_component_ref idref="oc-61"/>
      </symbol>
      <symbol id="sm-a5f">
         <name>C$$EXIT</name>
         <value>0x68c5</value>
         <object_component_ref idref="oc-156"/>
      </symbol>
      <symbol id="sm-a60">
         <name>abort</name>
         <value>0x68c5</value>
         <object_component_ref idref="oc-156"/>
      </symbol>
      <symbol id="sm-a6c">
         <name>__aeabi_idiv0</name>
         <value>0x6547</value>
         <object_component_ref idref="oc-265"/>
      </symbol>
      <symbol id="sm-a6d">
         <name>__aeabi_ldiv0</name>
         <value>0x6547</value>
         <object_component_ref idref="oc-265"/>
      </symbol>
      <symbol id="sm-a95">
         <name>__TI_auto_init_nobinit_nopinit</name>
         <value>0x6799</value>
         <object_component_ref idref="oc-162"/>
      </symbol>
      <symbol id="sm-a9f">
         <name>_system_pre_init</name>
         <value>0x68c1</value>
         <object_component_ref idref="oc-be"/>
      </symbol>
      <symbol id="sm-aa1">
         <name>__TI_static_base__</name>
         <value>0x0</value>
      </symbol>
      <symbol id="sm-aa4">
         <name>__mpu_init</name>
         <value>0x0</value>
      </symbol>
      <symbol id="sm-aa5">
         <name>_system_post_cinit</name>
         <value>0x0</value>
      </symbol>
   </symbol_table>
   <title>Link successful</title>
</link_info>
