******************************************************************************
                  TI ARM Linker PC v18.1.1                     
******************************************************************************
>> Linked Sat Apr  7 18:42:49 2018

OUTPUT FILE NAME:   <FreeRTOS_tiva_demo.out>
ENTRY POINT SYMBOL: "_c_int00_noargs"  address: 0000685d


MEMORY CONFIGURATION

         name            origin    length      used     unused   attr    fill
----------------------  --------  ---------  --------  --------  ----  --------
  FLASH                 00000000   00100000  00006e2c  000f91d4  R  X
  SRAM                  20000000   00040000  0000c97c  00033684  RW X


SEGMENT ALLOCATION MAP

run origin  load origin   length   init length attrs members
----------  ----------- ---------- ----------- ----- -------
00000000    00000000    00006e30   00006e30    r-x
  00000000    00000000    00000208   00000208    r-- .intvecs
  00000208    00000208    000066c0   000066c0    r-x .text
  000068c8    000068c8    00000514   00000514    r-- .const
  00006de0    00006de0    00000050   00000050    r-- .cinit
20000000    20000000    0000c980   00000000    rw-
  20000000    20000000    0000026c   00000000    rw- .vtable
  2000026c    2000026c    0000c4a8   00000000    rw- .bss
  2000c718    2000c718    00000200   00000000    rw- .stack
  2000c918    2000c918    00000068   00000000    rw- .data


SECTION ALLOCATION MAP

 output                                  attributes/
section   page    origin      length       input sections
--------  ----  ----------  ----------   ----------------
.intvecs   0    00000000    00000208     
                  00000000    00000208     tm4c1294ncpdt_startup_ccs.obj (.intvecs)

.text      0    00000208    000066c0     
                  00000208    000017b0     tasks.obj (.text)
                  000019b8    000015cc     sysctl.obj (.text)
                  00002f84    0000114c     gpio.obj (.text)
                  000040d0    00000ad0     queue.obj (.text)
                  00004ba0    00000578     timers.obj (.text)
                  00005118    0000056c     uartstdio.obj (.text)
                  00005684    00000490     interrupt.obj (.text)
                  00005b14    00000324     pinout.obj (.text)
                  00005e38    00000300     main.obj (.text)
                  00006138    000001b8     heap_2.obj (.text)
                  000062f0    0000012c     port.obj (.text)
                  0000641c    0000012a     list.obj (.text)
                  00006546    00000002     rtsv7M4_T_le_v4SPD16_eabi.lib : div0.asm.obj (.text)
                  00006548    000000d2     portasm.obj (.text)
                  0000661a    0000009c     rtsv7M4_T_le_v4SPD16_eabi.lib : memcpy_t2.asm.obj (.text)
                  000066b6    0000007a                                   : memset_t2.asm.obj (.text)
                  00006730    00000068                                   : copy_decompress_lzss.c.obj (.text:decompress:lzss:__TI_decompress_lzss)
                  00006798    00000044                                   : autoinit.c.obj (.text:__TI_auto_init_nobinit_nopinit:__TI_auto_init_nobinit_nopinit)
                  000067dc    00000040                                   : u_divt2.asm.obj (.text)
                  0000681c    0000003e     cpu.obj (.text)
                  0000685a    00000002     --HOLE-- [fill = 0]
                  0000685c    00000038     rtsv7M4_T_le_v4SPD16_eabi.lib : boot_cortex_m.c.obj (.text:_c_int00_noargs:_c_int00_noargs)
                  00006894    0000000e                                   : copy_decompress_none.c.obj (.text:decompress:none:__TI_decompress_none)
                  000068a2    0000000c                                   : copy_zero_init.c.obj (.text:decompress:ZI:__TI_zero_init)
                  000068ae    0000000c     tm4c1294ncpdt_startup_ccs.obj (.text)
                  000068ba    00000006     sysctl.obj (.text:SysCtlDelay)
                  000068c0    00000004     rtsv7M4_T_le_v4SPD16_eabi.lib : pre_init.c.obj (.text:_system_pre_init)
                  000068c4    00000004                                   : exit.c.obj (.text:abort:abort)

.const     0    000068c8    00000514     
                  000068c8    00000120     sysctl.obj (.const:g_pppui32XTALtoVCO)
                  000069e8    000000c0     gpio.obj (.const:g_ppui32GPIOIntMapBlizzard)
                  00006aa8    000000c0     gpio.obj (.const:g_ppui32GPIOIntMapSnowflake)
                  00006b68    0000009c     interrupt.obj (.const:g_pui32Regs)
                  00006c04    00000090     gpio.obj (.const:g_pui32GPIOBaseAddrs)
                  00006c94    0000006c     sysctl.obj (.const:g_pui32Xtals)
                  00006d00    00000030     sysctl.obj (.const:g_sXTALtoMEMTIM)
                  00006d30    00000020     interrupt.obj (.const:g_pui32Priority)
                  00006d50    00000014     interrupt.obj (.const:g_pui32Dii16Regs)
                  00006d64    00000014     interrupt.obj (.const:g_pui32EnRegs)
                  00006d78    00000014     interrupt.obj (.const:g_pui32PendRegs)
                  00006d8c    00000014     interrupt.obj (.const:g_pui32UnpendRegs)
                  00006da0    00000012     uartstdio.obj (.const:.string)
                  00006db2    00000002     --HOLE-- [fill = 0]
                  00006db4    0000000c     uartstdio.obj (.const:g_ui32UARTBase)
                  00006dc0    0000000c     uartstdio.obj (.const:g_ui32UARTPeriph)
                  00006dcc    00000008     sysctl.obj (.const:g_pui32VCOFrequencies)
                  00006dd4    00000004     port.obj (.const)
                  00006dd8    00000004     uartstdio.obj (.const)

.cinit     0    00006de0    00000050     
                  00006de0    00000017     (.cinit..data.load) [load image, compression = lzss]
                  00006df7    00000001     --HOLE-- [fill = 0]
                  00006df8    0000000c     (__TI_handler_table)
                  00006e04    00000004     --HOLE-- [fill = 0]
                  00006e08    00000008     (.cinit..bss.load) [load image, compression = zero_init]
                  00006e10    00000008     (.cinit..vtable.load) [load image, compression = zero_init]
                  00006e18    00000018     (__TI_cinit_table)

.init_array 
*          0    00000000    00000000     UNINITIALIZED

.vtable    0    20000000    0000026c     UNINITIALIZED
                  20000000    0000026c     interrupt.obj (.vtable)

.bss       0    2000026c    0000c4a8     UNINITIALIZED
                  2000026c    0000c350     heap_2.obj (.bss:ucHeap)
                  2000c5bc    00000064     tasks.obj (.bss:pxReadyTasksLists)
                  2000c620    00000040     (.common:xQueueRegistry)
                  2000c660    00000014     timers.obj (.bss:xActiveTimerList1)
                  2000c674    00000014     timers.obj (.bss:xActiveTimerList2)
                  2000c688    00000014     tasks.obj (.bss:xDelayedTaskList1)
                  2000c69c    00000014     tasks.obj (.bss:xDelayedTaskList2)
                  2000c6b0    00000014     tasks.obj (.bss:xPendingReadyList)
                  2000c6c4    00000014     tasks.obj (.bss:xSuspendedTaskList)
                  2000c6d8    00000014     tasks.obj (.bss:xTasksWaitingTermination)
                  2000c6ec    00000008     tasks.obj (.bss)
                  2000c6f4    00000008     timers.obj (.bss)
                  2000c6fc    00000008     heap_2.obj (.bss:xEnd)
                  2000c704    00000008     heap_2.obj (.bss:xStart)
                  2000c70c    00000004     (.common:clkFreq)
                  2000c710    00000004     (.common:xQueue)

.data      0    2000c918    00000068     UNINITIALIZED
                  2000c918    00000034     tasks.obj (.data)
                  2000c94c    00000014     main.obj (.data)
                  2000c960    0000000c     timers.obj (.data)
                  2000c96c    00000008     heap_2.obj (.data)
                  2000c974    00000005     uartstdio.obj (.data)
                  2000c979    00000003     --HOLE--
                  2000c97c    00000004     port.obj (.data)

.stack     0    2000c718    00000200     UNINITIALIZED
                  2000c718    00000004     rtsv7M4_T_le_v4SPD16_eabi.lib : boot_cortex_m.c.obj (.stack)
                  2000c71c    000001fc     --HOLE--

MODULE SUMMARY

       Module                          code    ro data   rw data
       ------                          ----    -------   -------
    .\
       main.obj                        768     0         28     
       tm4c1294ncpdt_startup_ccs.obj   12      520       0      
    +--+-------------------------------+-------+---------+---------+
       Total:                          780     520       28     
                                                                
    .\FreeRTOS\
       tasks.obj                       6064    0         260    
       queue.obj                       2768    0         64     
       timers.obj                      1400    0         60     
       list.obj                        298     0         0      
    +--+-------------------------------+-------+---------+---------+
       Total:                          10530   0         384    
                                                                
    .\FreeRTOS\portable\CCS\ARM_CM4F\
       port.obj                        300     4         4      
       portasm.obj                     210     0         0      
    +--+-------------------------------+-------+---------+---------+
       Total:                          510     4         4      
                                                                
    .\FreeRTOS\portable\MemMang\
       heap_2.obj                      440     0         50024  
    +--+-------------------------------+-------+---------+---------+
       Total:                          440     0         50024  
                                                                
    .\driverlib\
       sysctl.obj                      5586    452       0      
       gpio.obj                        4428    528       0      
       interrupt.obj                   1168    268       620    
       cpu.obj                         62      0         0      
    +--+-------------------------------+-------+---------+---------+
       Total:                          11244   1248      620    
                                                                
    .\drivers\
       pinout.obj                      804     0         0      
    +--+-------------------------------+-------+---------+---------+
       Total:                          804     0         0      
                                                                
    .\utils\
       uartstdio.obj                   1388    46        5      
    +--+-------------------------------+-------+---------+---------+
       Total:                          1388    46        5      
                                                                
    C:\ti\ccsv8\tools\compiler\ti-cgt-arm_18.1.1.LTS\lib\rtsv7M4_T_le_v4SPD16_eabi.lib
       memcpy_t2.asm.obj               156     0         0      
       memset_t2.asm.obj               122     0         0      
       copy_decompress_lzss.c.obj      104     0         0      
       autoinit.c.obj                  68      0         0      
       u_divt2.asm.obj                 64      0         0      
       boot_cortex_m.c.obj             56      0         0      
       copy_decompress_none.c.obj      14      0         0      
       copy_zero_init.c.obj            12      0         0      
       exit.c.obj                      4       0         0      
       pre_init.c.obj                  4       0         0      
       div0.asm.obj                    2       0         0      
    +--+-------------------------------+-------+---------+---------+
       Total:                          606     0         0      
                                                                
       Stack:                          0       0         512    
       Linker Generated:               0       75        0      
    +--+-------------------------------+-------+---------+---------+
       Grand Total:                    26302   1893      51577  


LINKER GENERATED COPY TABLES

__TI_cinit_table @ 00006e18 records: 3, size/record: 8, table size: 24
	.data: load addr=00006de0, load size=00000017 bytes, run addr=2000c918, run size=00000068 bytes, compression=lzss
	.bss: load addr=00006e08, load size=00000008 bytes, run addr=2000026c, run size=0000c4a8 bytes, compression=zero_init
	.vtable: load addr=00006e10, load size=00000008 bytes, run addr=20000000, run size=0000026c bytes, compression=zero_init


LINKER GENERATED HANDLER TABLE

__TI_handler_table @ 00006df8 records: 3, size/record: 4, table size: 12
	index: 0, handler: __TI_zero_init
	index: 1, handler: __TI_decompress_lzss
	index: 2, handler: __TI_decompress_none


GLOBAL SYMBOLS: SORTED ALPHABETICALLY BY Name 

address   name                             
-------   ----                             
000068c5  C$$EXIT                          
00006851  CPUbasepriGet                    
00006843  CPUbasepriSet                    
0000681d  CPUcpsid                         
00006833  CPUcpsie                         
00006829  CPUprimask                       
0000683f  CPUwfi                           
00005e45  ConfigureUART                    
00004099  GPIOADCTriggerDisable            
0000406d  GPIOADCTriggerEnable             
00004041  GPIODMATriggerDisable            
00004015  GPIODMATriggerEnable             
00003161  GPIODirModeGet                   
000030dd  GPIODirModeSet                   
00003899  GPIOIntClear                     
00003841  GPIOIntDisable                   
00003819  GPIOIntEnable                    
000038bb  GPIOIntRegister                  
00003869  GPIOIntStatus                    
00003329  GPIOIntTypeGet                   
0000322d  GPIOIntTypeSet                   
000038f9  GPIOIntUnregister                
000036a1  GPIOPadConfigGet                 
000033e7  GPIOPadConfigSet                 
00003f8f  GPIOPinConfigure                 
00003933  GPIOPinRead                      
0000398b  GPIOPinTypeADC                   
000039c1  GPIOPinTypeCAN                   
00003f49  GPIOPinTypeCIR                   
000039f7  GPIOPinTypeComparator            
00003a2d  GPIOPinTypeEPI                   
00003a63  GPIOPinTypeEthernetLED           
00003a99  GPIOPinTypeEthernetMII           
00003acf  GPIOPinTypeGPIOInput             
00003b05  GPIOPinTypeGPIOOutput            
00003b3b  GPIOPinTypeGPIOOutputOD          
00003b71  GPIOPinTypeI2C                   
00003ba7  GPIOPinTypeI2CSCL                
00003ed9  GPIOPinTypeKBColumn              
00003ea3  GPIOPinTypeKBRow                 
00003bdd  GPIOPinTypeLCD                   
00003f0f  GPIOPinTypeLEDSeq                
00003c13  GPIOPinTypeLPC                   
00003c4d  GPIOPinTypePECIRx                
00003c83  GPIOPinTypePECITx                
00003cb9  GPIOPinTypePWM                   
00003cef  GPIOPinTypeQEI                   
00003d25  GPIOPinTypeSSI                   
00003d5b  GPIOPinTypeTimer                 
00003d91  GPIOPinTypeUART                  
00003dc7  GPIOPinTypeUSBAnalog             
00003dfd  GPIOPinTypeUSBDigital            
00003e33  GPIOPinTypeWakeHigh              
00003e6b  GPIOPinTypeWakeLow               
00003f7f  GPIOPinWakeStatus                
0000395d  GPIOPinWrite                     
000058b1  IntDisable                       
00005833  IntEnable                        
00005939  IntIsEnabled                     
00005697  IntMasterDisable                 
00005687  IntMasterEnable                  
00005a5d  IntPendClear                     
000059ed  IntPendSet                       
000057fd  IntPriorityGet                   
00005763  IntPriorityGroupingGet           
0000573d  IntPriorityGroupingSet           
00005ac3  IntPriorityMaskGet               
00005ab7  IntPriorityMaskSet               
0000579b  IntPrioritySet                   
000056a7  IntRegister                      
00005acb  IntTrigger                       
0000571d  IntUnregister                    
00005d77  LEDRead                          
00005ce7  LEDWrite                         
00005b15  PinoutSet                        
000068af  ResetISR                         
00002f2d  SysCtlAltClkConfig               
00002575  SysCtlClockFreqSet               
00002a71  SysCtlClockGet                   
00002ef5  SysCtlClockOutConfig             
000028a5  SysCtlClockSet                   
0000245d  SysCtlDeepSleep                  
00002c55  SysCtlDeepSleepClockConfigSet    
00002c39  SysCtlDeepSleepClockSet          
0000243d  SysCtlDeepSleepPowerSet          
000068bb  SysCtlDelay                      
00001d69  SysCtlFlashSectorSizeGet         
00001d3d  SysCtlFlashSizeGet               
00002e29  SysCtlGPIOAHBDisable             
00002da1  SysCtlGPIOAHBEnable              
00002351  SysCtlIntClear                   
00002339  SysCtlIntDisable                 
00002325  SysCtlIntEnable                  
00002301  SysCtlIntRegister                
00002361  SysCtlIntStatus                  
00002315  SysCtlIntUnregister              
00002423  SysCtlLDODeepSleepGet            
000023d5  SysCtlLDODeepSleepSet            
000023cb  SysCtlLDOSleepGet                
0000237d  SysCtlLDOSleepSet                
00002499  SysCtlMOSCConfigSet              
00002edb  SysCtlNMIClear                   
00002ed5  SysCtlNMIStatus                  
000024a9  SysCtlPIOSCCalibrate             
00002d6d  SysCtlPWMClockGet                
00002d01  SysCtlPWMClockSet                
000022ad  SysCtlPeripheralClockGating      
0000225f  SysCtlPeripheralDeepSleepDisable 
00002211  SysCtlPeripheralDeepSleepEnable  
0000211d  SysCtlPeripheralDisable          
000020b1  SysCtlPeripheralEnable           
00001f61  SysCtlPeripheralPowerOff         
00001edd  SysCtlPeripheralPowerOn          
00001dc9  SysCtlPeripheralPresent          
00001e55  SysCtlPeripheralReady            
0000200d  SysCtlPeripheralReset            
000021bd  SysCtlPeripheralSleepDisable     
0000216b  SysCtlPeripheralSleepEnable      
0000244d  SysCtlReset                      
00002509  SysCtlResetBehaviorGet           
000024f9  SysCtlResetBehaviorSet           
00002485  SysCtlResetCauseClear            
00002479  SysCtlResetCauseGet              
00001d33  SysCtlSRAMSizeGet                
00002455  SysCtlSleep                      
0000242d  SysCtlSleepPowerSet              
00002e9f  SysCtlUSBPLLDisable              
00002e93  SysCtlUSBPLLEnable               
00002ec1  SysCtlVoltageEventClear          
00002eab  SysCtlVoltageEventConfig         
00002ebb  SysCtlVoltageEventStatus         
00005119  UARTStdioConfig                  
000052f5  UARTgetc                         
00005203  UARTgets                         
0000564f  UARTprintf                       
00005329  UARTvprintf                      
00005193  UARTwrite                        
2000c918  __STACK_END                      
00000200  __STACK_SIZE                     
2000c918  __STACK_TOP                      
00006e18  __TI_CINIT_Base                  
00006e30  __TI_CINIT_Limit                 
00006df8  __TI_Handler_Table_Base          
00006e04  __TI_Handler_Table_Limit         
00006799  __TI_auto_init_nobinit_nopinit   
00006731  __TI_decompress_lzss             
00006895  __TI_decompress_none             
ffffffff  __TI_pprof_out_hndl              
ffffffff  __TI_prof_data_size              
ffffffff  __TI_prof_data_start             
00000000  __TI_static_base__               
000068a3  __TI_zero_init                   
00006547  __aeabi_idiv0                    
00006547  __aeabi_ldiv0                    
000066b7  __aeabi_memclr                   
000066b7  __aeabi_memclr4                  
000066b7  __aeabi_memclr8                  
0000661b  __aeabi_memcpy                   
0000661b  __aeabi_memcpy4                  
0000661b  __aeabi_memcpy8                  
000066b9  __aeabi_memset                   
000066b9  __aeabi_memset4                  
000066b9  __aeabi_memset8                  
000067dd  __aeabi_uidiv                    
000067dd  __aeabi_uidivmod                 
ffffffff  __binit__                        
ffffffff  __c_args__                       
00005e39  __error__                        
UNDEFED   __mpu_init                       
2000c718  __stack                          
0000685d  _c_int00_noargs                  
UNDEFED   _system_post_cinit               
000068c1  _system_pre_init                 
2000c94c  a                                
000068c5  abort                            
2000c950  b                                
ffffffff  binit                            
2000c70c  clkFreq                          
0000057d  eTaskGetState                    
20000000  g_pfnRAMVectors                  
00000000  g_pfnVectors                     
00005fcf  main                             
0000661b  memcpy                           
000066bf  memset                           
00004ab9  pcQueueGetName                   
00000b3f  pcTaskGetName                    
00004cdb  pcTimerGetName                   
00006139  pvPortMalloc                     
000014c7  pvTaskIncrementMutexHeldCount    
000050c9  pvTimerGetTimerID                
2000c918  pxCurrentTCB                     
000062f1  pxPortInitialiseStack            
00005ef1  task1                            
00005f29  task2                            
00005f69  task3                            
00005e99  timerTask1                       
00005eb7  timerTask2                       
00004839  ucQueueGetQueueType              
00006dd4  ulMaxSyscallInterruptPriority    
00006559  ulPortGetIPSR                    
000014df  ulTaskNotifyTake                 
000064ff  uxListRemove                     
00004819  uxQueueGetQueueNumber            
000047bb  uxQueueMessagesWaiting           
000047f1  uxQueueMessagesWaitingFromISR    
000047d1  uxQueueSpacesAvailable           
00000b39  uxTaskGetNumberOfTasks           
00000b65  uxTaskGetSystemState             
00001009  uxTaskGetTaskNumber              
00000611  uxTaskPriorityGet                
00000641  uxTaskPriorityGetFromISR         
000014a5  uxTaskResetEventItemValue        
0000641d  vListInitialise                  
0000644d  vListInitialiseItem              
00006499  vListInsert                      
0000645d  vListInsertEnd                   
0000660d  vPortEnableVFP                   
00006391  vPortEndScheduler                
00006393  vPortEnterCritical               
000063b3  vPortExitCritical                
00006231  vPortFree                        
00006295  vPortInitialiseBlocks            
000065d1  vPortSVCHandler                  
000063ef  vPortSetupTimerInterrupt         
000065f1  vPortStartFirstTask              
00004a77  vQueueAddToRegistry              
00004803  vQueueDelete                     
00004827  vQueueSetQueueNumber             
00004af9  vQueueUnregisterQueue            
00004b3d  vQueueWaitForMessageRestricted   
00000541  vTaskDelay                       
000004b1  vTaskDelayUntil                  
00000403  vTaskDelete                      
000009ff  vTaskEndScheduler                
0000111d  vTaskGetInfo                     
00000ff7  vTaskMissedYield                 
0000180b  vTaskNotifyGiveFromISR           
00000de5  vTaskPlaceOnEventList            
00000e2b  vTaskPlaceOnEventListRestricted  
00000e01  vTaskPlaceOnUnorderedEventList   
00001345  vTaskPriorityInherit             
0000068d  vTaskPrioritySet                 
000008a1  vTaskResume                      
00001029  vTaskSetTaskNumber               
00000f59  vTaskSetTimeOutState             
000009a9  vTaskStartScheduler              
000007a1  vTaskSuspend                     
00000a1b  vTaskSuspendAll                  
00000d7d  vTaskSwitchContext               
000050e3  vTimerSetTimerID                 
0000628f  xPortGetFreeHeapSize             
00006571  xPortPendSVHandler               
0000635b  xPortStartScheduler              
000063c9  xPortSysTickHandler              
2000c710  xQueue                           
000042d9  xQueueCreateCountingSemaphore    
00004229  xQueueCreateMutex                
0000416f  xQueueGenericCreate              
00004551  xQueueGenericReceive             
000040d1  xQueueGenericReset               
000042f9  xQueueGenericSend                
00004425  xQueueGenericSendFromISR         
000044bf  xQueueGiveFromISR                
00004255  xQueueGiveMutexRecursive         
00004a13  xQueueIsQueueEmptyFromISR        
00004a55  xQueueIsQueueFullFromISR         
00004769  xQueuePeekFromISR                
000046d1  xQueueReceiveFromISR             
2000c620  xQueueRegistry                   
00004291  xQueueTakeMutexRecursive         
00000f7d  xTaskCheckForTimeOut             
00000209  xTaskCreate                      
00001615  xTaskGenericNotify               
00001701  xTaskGenericNotifyFromISR        
000012e5  xTaskGetCurrentTaskHandle        
000012f9  xTaskGetSchedulerState           
00000b15  xTaskGetTickCount                
00000b25  xTaskGetTickCountFromISR         
00000c59  xTaskIncrementTick               
000018b9  xTaskNotifyStateClear            
00001565  xTaskNotifyWait                  
00001407  xTaskPriorityDisinherit          
00000e65  xTaskRemoveFromEventList         
00000ee5  xTaskRemoveFromUnorderedEventList
00000a31  xTaskResumeAll                   
0000091b  xTaskResumeFromISR               
00004bcd  xTimerCreate                     
00004ba1  xTimerCreateTimerTask            
00004c41  xTimerGenericCommand             
00004cc5  xTimerGetExpiryTime              
00004cb3  xTimerGetPeriod                  
00004cad  xTimerGetTimerDaemonTaskHandle   
0000509d  xTimerIsTimerActive              


GLOBAL SYMBOLS: SORTED BY Symbol Address 

address   name                             
-------   ----                             
00000000  __TI_static_base__               
00000000  g_pfnVectors                     
00000200  __STACK_SIZE                     
00000209  xTaskCreate                      
00000403  vTaskDelete                      
000004b1  vTaskDelayUntil                  
00000541  vTaskDelay                       
0000057d  eTaskGetState                    
00000611  uxTaskPriorityGet                
00000641  uxTaskPriorityGetFromISR         
0000068d  vTaskPrioritySet                 
000007a1  vTaskSuspend                     
000008a1  vTaskResume                      
0000091b  xTaskResumeFromISR               
000009a9  vTaskStartScheduler              
000009ff  vTaskEndScheduler                
00000a1b  vTaskSuspendAll                  
00000a31  xTaskResumeAll                   
00000b15  xTaskGetTickCount                
00000b25  xTaskGetTickCountFromISR         
00000b39  uxTaskGetNumberOfTasks           
00000b3f  pcTaskGetName                    
00000b65  uxTaskGetSystemState             
00000c59  xTaskIncrementTick               
00000d7d  vTaskSwitchContext               
00000de5  vTaskPlaceOnEventList            
00000e01  vTaskPlaceOnUnorderedEventList   
00000e2b  vTaskPlaceOnEventListRestricted  
00000e65  xTaskRemoveFromEventList         
00000ee5  xTaskRemoveFromUnorderedEventList
00000f59  vTaskSetTimeOutState             
00000f7d  xTaskCheckForTimeOut             
00000ff7  vTaskMissedYield                 
00001009  uxTaskGetTaskNumber              
00001029  vTaskSetTaskNumber               
0000111d  vTaskGetInfo                     
000012e5  xTaskGetCurrentTaskHandle        
000012f9  xTaskGetSchedulerState           
00001345  vTaskPriorityInherit             
00001407  xTaskPriorityDisinherit          
000014a5  uxTaskResetEventItemValue        
000014c7  pvTaskIncrementMutexHeldCount    
000014df  ulTaskNotifyTake                 
00001565  xTaskNotifyWait                  
00001615  xTaskGenericNotify               
00001701  xTaskGenericNotifyFromISR        
0000180b  vTaskNotifyGiveFromISR           
000018b9  xTaskNotifyStateClear            
00001d33  SysCtlSRAMSizeGet                
00001d3d  SysCtlFlashSizeGet               
00001d69  SysCtlFlashSectorSizeGet         
00001dc9  SysCtlPeripheralPresent          
00001e55  SysCtlPeripheralReady            
00001edd  SysCtlPeripheralPowerOn          
00001f61  SysCtlPeripheralPowerOff         
0000200d  SysCtlPeripheralReset            
000020b1  SysCtlPeripheralEnable           
0000211d  SysCtlPeripheralDisable          
0000216b  SysCtlPeripheralSleepEnable      
000021bd  SysCtlPeripheralSleepDisable     
00002211  SysCtlPeripheralDeepSleepEnable  
0000225f  SysCtlPeripheralDeepSleepDisable 
000022ad  SysCtlPeripheralClockGating      
00002301  SysCtlIntRegister                
00002315  SysCtlIntUnregister              
00002325  SysCtlIntEnable                  
00002339  SysCtlIntDisable                 
00002351  SysCtlIntClear                   
00002361  SysCtlIntStatus                  
0000237d  SysCtlLDOSleepSet                
000023cb  SysCtlLDOSleepGet                
000023d5  SysCtlLDODeepSleepSet            
00002423  SysCtlLDODeepSleepGet            
0000242d  SysCtlSleepPowerSet              
0000243d  SysCtlDeepSleepPowerSet          
0000244d  SysCtlReset                      
00002455  SysCtlSleep                      
0000245d  SysCtlDeepSleep                  
00002479  SysCtlResetCauseGet              
00002485  SysCtlResetCauseClear            
00002499  SysCtlMOSCConfigSet              
000024a9  SysCtlPIOSCCalibrate             
000024f9  SysCtlResetBehaviorSet           
00002509  SysCtlResetBehaviorGet           
00002575  SysCtlClockFreqSet               
000028a5  SysCtlClockSet                   
00002a71  SysCtlClockGet                   
00002c39  SysCtlDeepSleepClockSet          
00002c55  SysCtlDeepSleepClockConfigSet    
00002d01  SysCtlPWMClockSet                
00002d6d  SysCtlPWMClockGet                
00002da1  SysCtlGPIOAHBEnable              
00002e29  SysCtlGPIOAHBDisable             
00002e93  SysCtlUSBPLLEnable               
00002e9f  SysCtlUSBPLLDisable              
00002eab  SysCtlVoltageEventConfig         
00002ebb  SysCtlVoltageEventStatus         
00002ec1  SysCtlVoltageEventClear          
00002ed5  SysCtlNMIStatus                  
00002edb  SysCtlNMIClear                   
00002ef5  SysCtlClockOutConfig             
00002f2d  SysCtlAltClkConfig               
000030dd  GPIODirModeSet                   
00003161  GPIODirModeGet                   
0000322d  GPIOIntTypeSet                   
00003329  GPIOIntTypeGet                   
000033e7  GPIOPadConfigSet                 
000036a1  GPIOPadConfigGet                 
00003819  GPIOIntEnable                    
00003841  GPIOIntDisable                   
00003869  GPIOIntStatus                    
00003899  GPIOIntClear                     
000038bb  GPIOIntRegister                  
000038f9  GPIOIntUnregister                
00003933  GPIOPinRead                      
0000395d  GPIOPinWrite                     
0000398b  GPIOPinTypeADC                   
000039c1  GPIOPinTypeCAN                   
000039f7  GPIOPinTypeComparator            
00003a2d  GPIOPinTypeEPI                   
00003a63  GPIOPinTypeEthernetLED           
00003a99  GPIOPinTypeEthernetMII           
00003acf  GPIOPinTypeGPIOInput             
00003b05  GPIOPinTypeGPIOOutput            
00003b3b  GPIOPinTypeGPIOOutputOD          
00003b71  GPIOPinTypeI2C                   
00003ba7  GPIOPinTypeI2CSCL                
00003bdd  GPIOPinTypeLCD                   
00003c13  GPIOPinTypeLPC                   
00003c4d  GPIOPinTypePECIRx                
00003c83  GPIOPinTypePECITx                
00003cb9  GPIOPinTypePWM                   
00003cef  GPIOPinTypeQEI                   
00003d25  GPIOPinTypeSSI                   
00003d5b  GPIOPinTypeTimer                 
00003d91  GPIOPinTypeUART                  
00003dc7  GPIOPinTypeUSBAnalog             
00003dfd  GPIOPinTypeUSBDigital            
00003e33  GPIOPinTypeWakeHigh              
00003e6b  GPIOPinTypeWakeLow               
00003ea3  GPIOPinTypeKBRow                 
00003ed9  GPIOPinTypeKBColumn              
00003f0f  GPIOPinTypeLEDSeq                
00003f49  GPIOPinTypeCIR                   
00003f7f  GPIOPinWakeStatus                
00003f8f  GPIOPinConfigure                 
00004015  GPIODMATriggerEnable             
00004041  GPIODMATriggerDisable            
0000406d  GPIOADCTriggerEnable             
00004099  GPIOADCTriggerDisable            
000040d1  xQueueGenericReset               
0000416f  xQueueGenericCreate              
00004229  xQueueCreateMutex                
00004255  xQueueGiveMutexRecursive         
00004291  xQueueTakeMutexRecursive         
000042d9  xQueueCreateCountingSemaphore    
000042f9  xQueueGenericSend                
00004425  xQueueGenericSendFromISR         
000044bf  xQueueGiveFromISR                
00004551  xQueueGenericReceive             
000046d1  xQueueReceiveFromISR             
00004769  xQueuePeekFromISR                
000047bb  uxQueueMessagesWaiting           
000047d1  uxQueueSpacesAvailable           
000047f1  uxQueueMessagesWaitingFromISR    
00004803  vQueueDelete                     
00004819  uxQueueGetQueueNumber            
00004827  vQueueSetQueueNumber             
00004839  ucQueueGetQueueType              
00004a13  xQueueIsQueueEmptyFromISR        
00004a55  xQueueIsQueueFullFromISR         
00004a77  vQueueAddToRegistry              
00004ab9  pcQueueGetName                   
00004af9  vQueueUnregisterQueue            
00004b3d  vQueueWaitForMessageRestricted   
00004ba1  xTimerCreateTimerTask            
00004bcd  xTimerCreate                     
00004c41  xTimerGenericCommand             
00004cad  xTimerGetTimerDaemonTaskHandle   
00004cb3  xTimerGetPeriod                  
00004cc5  xTimerGetExpiryTime              
00004cdb  pcTimerGetName                   
0000509d  xTimerIsTimerActive              
000050c9  pvTimerGetTimerID                
000050e3  vTimerSetTimerID                 
00005119  UARTStdioConfig                  
00005193  UARTwrite                        
00005203  UARTgets                         
000052f5  UARTgetc                         
00005329  UARTvprintf                      
0000564f  UARTprintf                       
00005687  IntMasterEnable                  
00005697  IntMasterDisable                 
000056a7  IntRegister                      
0000571d  IntUnregister                    
0000573d  IntPriorityGroupingSet           
00005763  IntPriorityGroupingGet           
0000579b  IntPrioritySet                   
000057fd  IntPriorityGet                   
00005833  IntEnable                        
000058b1  IntDisable                       
00005939  IntIsEnabled                     
000059ed  IntPendSet                       
00005a5d  IntPendClear                     
00005ab7  IntPriorityMaskSet               
00005ac3  IntPriorityMaskGet               
00005acb  IntTrigger                       
00005b15  PinoutSet                        
00005ce7  LEDWrite                         
00005d77  LEDRead                          
00005e39  __error__                        
00005e45  ConfigureUART                    
00005e99  timerTask1                       
00005eb7  timerTask2                       
00005ef1  task1                            
00005f29  task2                            
00005f69  task3                            
00005fcf  main                             
00006139  pvPortMalloc                     
00006231  vPortFree                        
0000628f  xPortGetFreeHeapSize             
00006295  vPortInitialiseBlocks            
000062f1  pxPortInitialiseStack            
0000635b  xPortStartScheduler              
00006391  vPortEndScheduler                
00006393  vPortEnterCritical               
000063b3  vPortExitCritical                
000063c9  xPortSysTickHandler              
000063ef  vPortSetupTimerInterrupt         
0000641d  vListInitialise                  
0000644d  vListInitialiseItem              
0000645d  vListInsertEnd                   
00006499  vListInsert                      
000064ff  uxListRemove                     
00006547  __aeabi_idiv0                    
00006547  __aeabi_ldiv0                    
00006559  ulPortGetIPSR                    
00006571  xPortPendSVHandler               
000065d1  vPortSVCHandler                  
000065f1  vPortStartFirstTask              
0000660d  vPortEnableVFP                   
0000661b  __aeabi_memcpy                   
0000661b  __aeabi_memcpy4                  
0000661b  __aeabi_memcpy8                  
0000661b  memcpy                           
000066b7  __aeabi_memclr                   
000066b7  __aeabi_memclr4                  
000066b7  __aeabi_memclr8                  
000066b9  __aeabi_memset                   
000066b9  __aeabi_memset4                  
000066b9  __aeabi_memset8                  
000066bf  memset                           
00006731  __TI_decompress_lzss             
00006799  __TI_auto_init_nobinit_nopinit   
000067dd  __aeabi_uidiv                    
000067dd  __aeabi_uidivmod                 
0000681d  CPUcpsid                         
00006829  CPUprimask                       
00006833  CPUcpsie                         
0000683f  CPUwfi                           
00006843  CPUbasepriSet                    
00006851  CPUbasepriGet                    
0000685d  _c_int00_noargs                  
00006895  __TI_decompress_none             
000068a3  __TI_zero_init                   
000068af  ResetISR                         
000068bb  SysCtlDelay                      
000068c1  _system_pre_init                 
000068c5  C$$EXIT                          
000068c5  abort                            
00006dd4  ulMaxSyscallInterruptPriority    
00006df8  __TI_Handler_Table_Base          
00006e04  __TI_Handler_Table_Limit         
00006e18  __TI_CINIT_Base                  
00006e30  __TI_CINIT_Limit                 
20000000  g_pfnRAMVectors                  
2000c620  xQueueRegistry                   
2000c70c  clkFreq                          
2000c710  xQueue                           
2000c718  __stack                          
2000c918  __STACK_END                      
2000c918  __STACK_TOP                      
2000c918  pxCurrentTCB                     
2000c94c  a                                
2000c950  b                                
ffffffff  __TI_pprof_out_hndl              
ffffffff  __TI_prof_data_size              
ffffffff  __TI_prof_data_start             
ffffffff  __binit__                        
ffffffff  __c_args__                       
ffffffff  binit                            
UNDEFED   __mpu_init                       
UNDEFED   _system_post_cinit               

[293 symbols]
