******************************************************************************
                  TI ARM Linker PC v18.1.1                     
******************************************************************************
>> Linked Thu Apr  5 22:33:34 2018

OUTPUT FILE NAME:   <hello.out>
ENTRY POINT SYMBOL: "_c_int00_noargs"  address: 00000f6d


MEMORY CONFIGURATION

         name            origin    length      used     unused   attr    fill
----------------------  --------  ---------  --------  --------  ----  --------
  FLASH                 00000000   00100000  00001316  000fecea  R  X
  SRAM                  20000000   00040000  00000209  0003fdf7  RW X


SEGMENT ALLOCATION MAP

run origin  load origin   length   init length attrs members
----------  ----------- ---------- ----------- ----- -------
00000000    00000000    00001318   00001318    r-x
  00000000    00000000    00000200   00000200    r-- .intvecs
  00000200    00000200    00000e7a   00000e7a    r-x .text
  0000107c    0000107c    0000026c   0000026c    r-- .const
  000012e8    000012e8    00000030   00000030    r-- .cinit
20000000    20000000    0000020c   00000000    rw-
  20000000    20000000    00000200   00000000    rw- .stack
  20000200    20000200    00000005   00000000    rw- .data
  20000208    20000208    00000004   00000000    rw- .bss


SECTION ALLOCATION MAP

 output                                  attributes/
section   page    origin      length       input sections
--------  ----  ----------  ----------   ----------------
.intvecs   0    00000000    00000200     
                  00000000    00000200     startup_ccs.obj (.intvecs)

.text      0    00000200    00000e7a     
                  00000200    00000218     pinout.obj (.text:PinoutSet)
                  00000418    00000200     driverlib.lib : sysctl.obj (.text:SysCtlClockFreqSet)
                  00000618    000001ea     uartstdio.obj (.text:UARTvprintf)
                  00000802    00000136     rtsv7M4_T_le_v4SPD16_eabi.lib : fd_div_t2.asm.obj (.text)
                  00000938    00000132     driverlib.lib : gpio.obj (.text:GPIOPadConfigSet)
                  00000a6a    000000fc     rtsv7M4_T_le_v4SPD16_eabi.lib : fd_mul_t2.asm.obj (.text)
                  00000b66    00000002     startup_ccs.obj (.text:FaultISR)
                  00000b68    000000ec     hello.obj (.text:main)
                  00000c54    0000009c     rtsv7M4_T_le_v4SPD16_eabi.lib : memcpy_t2.asm.obj (.text)
                  00000cf0    00000068                                   : copy_decompress_lzss.c.obj (.text:decompress:lzss:__TI_decompress_lzss)
                  00000d58    00000060     uartstdio.obj (.text:UARTStdioConfig)
                  00000db8    0000005c     hello.obj (.text:ConfigureUART)
                  00000e14    00000048     uartstdio.obj (.text:UARTwrite)
                  00000e5c    00000048     driverlib.lib : sysctl.obj (.text:_SysCtlFrequencyGet)
                  00000ea4    00000044     rtsv7M4_T_le_v4SPD16_eabi.lib : autoinit.c.obj (.text:__TI_auto_init_nobinit_nopinit:__TI_auto_init_nobinit_nopinit)
                  00000ee8    00000044                                   : fd_tou_t2.asm.obj (.text)
                  00000f2c    00000040                                   : u_divt2.asm.obj (.text)
                  00000f6c    00000038                                   : boot_cortex_m.c.obj (.text:_c_int00_noargs:_c_int00_noargs)
                  00000fa4    0000002a     driverlib.lib : gpio.obj (.text:GPIODirModeSet)
                  00000fce    00000002     startup_ccs.obj (.text:IntDefaultHandler)
                  00000fd0    00000020     driverlib.lib : sysctl.obj (.text:_SysCtlMemTimingGet)
                  00000ff0    00000020     rtsv7M4_T_le_v4SPD16_eabi.lib : u_tofd_t2.asm.obj (.text)
                  00001010    0000001a     uartstdio.obj (.text:UARTprintf)
                  0000102a    00000012     driverlib.lib : gpio.obj (.text:GPIOPinTypeEthernetLED)
                  0000103c    00000012     rtsv7M4_T_le_v4SPD16_eabi.lib : copy_zero_init.c.obj (.text:decompress:ZI:__TI_zero_init_nomemset:__TI_zero_init_nomemset)
                  0000104e    0000000e                                   : copy_decompress_none.c.obj (.text:decompress:none:__TI_decompress_none)
                  0000105c    00000006     driverlib.lib : gpio.obj (.text:GPIOPinWrite)
                  00001062    00000006     startup_ccs.obj (.text:ResetISR)
                  00001068    00000006     driverlib.lib : sysctl.obj (.text:SysCtlDelay)
                  0000106e    00000004     rtsv7M4_T_le_v4SPD16_eabi.lib : pre_init.c.obj (.text:_system_pre_init)
                  00001072    00000004                                   : exit.c.obj (.text:abort:abort)
                  00001076    00000002     startup_ccs.obj (.text:NmiSR)
                  00001078    00000002     rtsv7M4_T_le_v4SPD16_eabi.lib : div0.asm.obj (.text)

.const     0    0000107c    0000026c     
                  0000107c    000001b0     driverlib.lib : sysctl.obj (.const:g_pppui32XTALtoVCO)
                  0000122c    0000006c                   : sysctl.obj (.const:g_pui32Xtals)
                  00001298    00000030                   : sysctl.obj (.const:g_sXTALtoMEMTIM)
                  000012c8    0000000c     uartstdio.obj (.const:g_ui32UARTBase)
                  000012d4    0000000c     uartstdio.obj (.const:g_ui32UARTPeriph)
                  000012e0    00000008     driverlib.lib : sysctl.obj (.const)

.cinit     0    000012e8    00000030     
                  000012e8    0000000c     (__TI_handler_table)
                  000012f4    00000004     --HOLE-- [fill = 0]
                  000012f8    00000008     (.cinit..bss.load) [load image, compression = zero_init]
                  00001300    00000007     (.cinit..data.load) [load image, compression = lzss]
                  00001307    00000001     --HOLE-- [fill = 0]
                  00001308    00000010     (__TI_cinit_table)

.init_array 
*          0    00000000    00000000     UNINITIALIZED

.data      0    20000200    00000005     UNINITIALIZED
                  20000200    00000005     uartstdio.obj (.data)

.bss       0    20000208    00000004     UNINITIALIZED
                  20000208    00000004     (.common:clkFreq)

.stack     0    20000000    00000200     UNINITIALIZED
                  20000000    00000004     rtsv7M4_T_le_v4SPD16_eabi.lib : boot_cortex_m.c.obj (.stack)
                  20000004    000001fc     --HOLE--

MODULE SUMMARY

       Module                       code   ro data   rw data
       ------                       ----   -------   -------
    .\
       startup_ccs.obj              12     512       0      
       hello.obj                    328    0         4      
    +--+----------------------------+------+---------+---------+
       Total:                       340    512       4      
                                                            
    .\drivers\
       pinout.obj                   536    0         0      
    +--+----------------------------+------+---------+---------+
       Total:                       536    0         0      
                                                            
    .\utils\
       uartstdio.obj                684    24        5      
    +--+----------------------------+------+---------+---------+
       Total:                       684    24        5      
                                                            
    C:/ti/TivaWare_C_Series-2.1.4.178/driverlib/ccs/Debug/driverlib.lib
       sysctl.obj                   622    596       0      
       gpio.obj                     372    0         0      
    +--+----------------------------+------+---------+---------+
       Total:                       994    596       0      
                                                            
    C:\ti\ccsv8\tools\compiler\ti-cgt-arm_18.1.1.LTS\lib\rtsv7M4_T_le_v4SPD16_eabi.lib
       fd_div_t2.asm.obj            310    0         0      
       fd_mul_t2.asm.obj            252    0         0      
       memcpy_t2.asm.obj            156    0         0      
       copy_decompress_lzss.c.obj   104    0         0      
       autoinit.c.obj               68     0         0      
       fd_tou_t2.asm.obj            68     0         0      
       u_divt2.asm.obj              64     0         0      
       boot_cortex_m.c.obj          56     0         0      
       u_tofd_t2.asm.obj            32     0         0      
       copy_zero_init.c.obj         18     0         0      
       copy_decompress_none.c.obj   14     0         0      
       exit.c.obj                   4      0         0      
       pre_init.c.obj               4      0         0      
       div0.asm.obj                 2      0         0      
    +--+----------------------------+------+---------+---------+
       Total:                       1152   0         0      
                                                            
       Stack:                       0      0         512    
       Linker Generated:            0      43        0      
    +--+----------------------------+------+---------+---------+
       Grand Total:                 3706   1175      521    


LINKER GENERATED COPY TABLES

__TI_cinit_table @ 00001308 records: 2, size/record: 8, table size: 16
	.bss: load addr=000012f8, load size=00000008 bytes, run addr=20000208, run size=00000004 bytes, compression=zero_init
	.data: load addr=00001300, load size=00000007 bytes, run addr=20000200, run size=00000005 bytes, compression=lzss


LINKER GENERATED HANDLER TABLE

__TI_handler_table @ 000012e8 records: 3, size/record: 4, table size: 12
	index: 0, handler: __TI_decompress_lzss
	index: 1, handler: __TI_decompress_none
	index: 2, handler: __TI_zero_init


GLOBAL SYMBOLS: SORTED ALPHABETICALLY BY Name 

address   name                          
-------   ----                          
00001073  C$$EXIT                       
00000db9  ConfigureUART                 
00000fa5  GPIODirModeSet                
00000939  GPIOPadConfigSet              
0000102b  GPIOPinTypeEthernetLED        
0000105d  GPIOPinWrite                  
00000201  PinoutSet                     
00001063  ResetISR                      
00000419  SysCtlClockFreqSet            
00001069  SysCtlDelay                   
00000d59  UARTStdioConfig               
00001011  UARTprintf                    
00000619  UARTvprintf                   
00000e15  UARTwrite                     
20000200  __STACK_END                   
00000200  __STACK_SIZE                  
20000200  __STACK_TOP                   
00001308  __TI_CINIT_Base               
00001318  __TI_CINIT_Limit              
000012e8  __TI_Handler_Table_Base       
000012f4  __TI_Handler_Table_Limit      
00000ea5  __TI_auto_init_nobinit_nopinit
00000cf1  __TI_decompress_lzss          
0000104f  __TI_decompress_none          
ffffffff  __TI_pprof_out_hndl           
ffffffff  __TI_prof_data_size           
ffffffff  __TI_prof_data_start          
00000000  __TI_static_base__            
0000103d  __TI_zero_init_nomemset       
00000ee9  __aeabi_d2uiz                 
00000803  __aeabi_ddiv                  
00000a6b  __aeabi_dmul                  
00001079  __aeabi_idiv0                 
00001079  __aeabi_ldiv0                 
00000c55  __aeabi_memcpy                
00000c55  __aeabi_memcpy4               
00000c55  __aeabi_memcpy8               
00000ff1  __aeabi_ui2d                  
00000f2d  __aeabi_uidiv                 
00000f2d  __aeabi_uidivmod              
ffffffff  __binit__                     
ffffffff  __c_args__                    
UNDEFED   __mpu_init                    
20000000  __stack                       
00000f6d  _c_int00_noargs               
UNDEFED   _system_post_cinit            
0000106f  _system_pre_init              
00001073  abort                         
ffffffff  binit                         
20000208  clkFreq                       
00000000  g_pfnVectors                  
00000b69  main                          
00000c55  memcpy                        


GLOBAL SYMBOLS: SORTED BY Symbol Address 

address   name                          
-------   ----                          
00000000  __TI_static_base__            
00000000  g_pfnVectors                  
00000200  __STACK_SIZE                  
00000201  PinoutSet                     
00000419  SysCtlClockFreqSet            
00000619  UARTvprintf                   
00000803  __aeabi_ddiv                  
00000939  GPIOPadConfigSet              
00000a6b  __aeabi_dmul                  
00000b69  main                          
00000c55  __aeabi_memcpy                
00000c55  __aeabi_memcpy4               
00000c55  __aeabi_memcpy8               
00000c55  memcpy                        
00000cf1  __TI_decompress_lzss          
00000d59  UARTStdioConfig               
00000db9  ConfigureUART                 
00000e15  UARTwrite                     
00000ea5  __TI_auto_init_nobinit_nopinit
00000ee9  __aeabi_d2uiz                 
00000f2d  __aeabi_uidiv                 
00000f2d  __aeabi_uidivmod              
00000f6d  _c_int00_noargs               
00000fa5  GPIODirModeSet                
00000ff1  __aeabi_ui2d                  
00001011  UARTprintf                    
0000102b  GPIOPinTypeEthernetLED        
0000103d  __TI_zero_init_nomemset       
0000104f  __TI_decompress_none          
0000105d  GPIOPinWrite                  
00001063  ResetISR                      
00001069  SysCtlDelay                   
0000106f  _system_pre_init              
00001073  C$$EXIT                       
00001073  abort                         
00001079  __aeabi_idiv0                 
00001079  __aeabi_ldiv0                 
000012e8  __TI_Handler_Table_Base       
000012f4  __TI_Handler_Table_Limit      
00001308  __TI_CINIT_Base               
00001318  __TI_CINIT_Limit              
20000000  __stack                       
20000200  __STACK_END                   
20000200  __STACK_TOP                   
20000208  clkFreq                       
ffffffff  __TI_pprof_out_hndl           
ffffffff  __TI_prof_data_size           
ffffffff  __TI_prof_data_start          
ffffffff  __binit__                     
ffffffff  __c_args__                    
ffffffff  binit                         
UNDEFED   __mpu_init                    
UNDEFED   _system_post_cinit            

[53 symbols]
